Archive member included to satisfy reference by file (symbol)

c:/sysgcc/arm-eabi/bin/../lib/gcc/arm-eabi/6.2.0/thumb/cortex_m0\libgcc.a(_udivsi3.o)
                              hwlib.o (__aeabi_uidivmod)
c:/sysgcc/arm-eabi/bin/../lib/gcc/arm-eabi/6.2.0/thumb/cortex_m0\libgcc.a(_divsi3.o)
                              hwlib.o (__aeabi_idiv)
c:/sysgcc/arm-eabi/bin/../lib/gcc/arm-eabi/6.2.0/thumb/cortex_m0\libgcc.a(_aeabi_ldivmod.o)
                              hwlib.o (__aeabi_ldivmod)
c:/sysgcc/arm-eabi/bin/../lib/gcc/arm-eabi/6.2.0/thumb/cortex_m0\libgcc.a(bpabi.o)
                              c:/sysgcc/arm-eabi/bin/../lib/gcc/arm-eabi/6.2.0/thumb/cortex_m0\libgcc.a(_aeabi_ldivmod.o) (__gnu_ldivmod_helper)
c:/sysgcc/arm-eabi/bin/../lib/gcc/arm-eabi/6.2.0/thumb/cortex_m0\libgcc.a(_dvmd_tls.o)
                              c:/sysgcc/arm-eabi/bin/../lib/gcc/arm-eabi/6.2.0/thumb/cortex_m0\libgcc.a(_aeabi_ldivmod.o) (__aeabi_ldiv0)
c:/sysgcc/arm-eabi/bin/../lib/gcc/arm-eabi/6.2.0/thumb/cortex_m0\libgcc.a(_muldi3.o)
                              c:/sysgcc/arm-eabi/bin/../lib/gcc/arm-eabi/6.2.0/thumb/cortex_m0\libgcc.a(bpabi.o) (__aeabi_lmul)
c:/sysgcc/arm-eabi/bin/../lib/gcc/arm-eabi/6.2.0/thumb/cortex_m0\libgcc.a(_divdi3.o)
                              c:/sysgcc/arm-eabi/bin/../lib/gcc/arm-eabi/6.2.0/thumb/cortex_m0\libgcc.a(bpabi.o) (__divdi3)
c:/sysgcc/arm-eabi/bin/../lib/gcc/arm-eabi/6.2.0/thumb/cortex_m0\libgcc.a(_clzdi2.o)
                              c:/sysgcc/arm-eabi/bin/../lib/gcc/arm-eabi/6.2.0/thumb/cortex_m0\libgcc.a(_divdi3.o) (__clzdi2)
c:/sysgcc/arm-eabi/bin/../lib/gcc/arm-eabi/6.2.0/thumb/cortex_m0\libgcc.a(_clzsi2.o)
                              c:/sysgcc/arm-eabi/bin/../lib/gcc/arm-eabi/6.2.0/thumb/cortex_m0\libgcc.a(_clzdi2.o) (__clzsi2)
c:/sysgcc/arm-eabi/bin/../lib/gcc/arm-eabi/6.2.0/../../../../arm-eabi/lib/thumb/cortex_m0\libc.a(lib_a-memcpy-stub.o)
                              hwlib.o (memcpy)

Allocating common symbols
Common symbol       size              file

__dso_handle        0x4               bmptk_cortex.o

Discarded input sections

 .group         0x00000000        0x8 hwlib.o
 .group         0x00000000        0x8 hwlib.o
 .group         0x00000000        0x8 hwlib.o
 .group         0x00000000        0x8 hwlib.o
 .group         0x00000000        0x8 hwlib.o
 .group         0x00000000        0x8 hwlib.o
 .group         0x00000000        0x8 hwlib.o
 .group         0x00000000        0x8 hwlib.o
 .group         0x00000000        0x8 hwlib.o
 .group         0x00000000        0x8 hwlib.o
 .group         0x00000000        0x8 hwlib.o
 .group         0x00000000        0x8 hwlib.o
 .group         0x00000000        0x8 hwlib.o
 .group         0x00000000        0x8 hwlib.o
 .group         0x00000000        0x8 hwlib.o
 .group         0x00000000        0x8 hwlib.o
 .group         0x00000000        0x8 hwlib.o
 .group         0x00000000        0x8 hwlib.o
 .group         0x00000000        0x8 hwlib.o
 .group         0x00000000        0x8 hwlib.o
 .group         0x00000000        0x8 hwlib.o
 .group         0x00000000        0x8 hwlib.o
 .group         0x00000000        0x8 hwlib.o
 .group         0x00000000        0x8 hwlib.o
 .group         0x00000000        0x8 hwlib.o
 .group         0x00000000        0x8 hwlib.o
 .group         0x00000000        0x8 hwlib.o
 .group         0x00000000        0x8 hwlib.o
 .group         0x00000000        0x8 hwlib.o
 .group         0x00000000        0x8 hwlib.o
 .group         0x00000000        0x8 hwlib.o
 .group         0x00000000        0x8 hwlib.o
 .group         0x00000000        0x8 hwlib.o
 .group         0x00000000        0x8 hwlib.o
 .group         0x00000000        0x8 hwlib.o
 .group         0x00000000        0x8 hwlib.o
 .group         0x00000000        0x8 hwlib.o
 .text          0x00000000        0x0 hwlib.o
 .data          0x00000000        0x0 hwlib.o
 .bss           0x00000000        0x0 hwlib.o
 .text._ZN5hwlib10pin_in_out7refreshEv
                0x00000000        0x2 hwlib.o
 .text._ZN5hwlib10pin_in_out5flushEv
                0x00000000        0x2 hwlib.o
 .text._ZN5hwlib6pin_in7refreshEv
                0x00000000        0x2 hwlib.o
 .text._ZN5hwlib6pin_oc7refreshEv
                0x00000000        0x2 hwlib.o
 .text._ZN5hwlib6pin_oc5flushEv
                0x00000000        0x2 hwlib.o
 .text._ZN5hwlib23_pin_in_out_dummy_class3setEbNS_9bufferingE
                0x00000000        0x2 hwlib.o
 .text._ZN5hwlib23_pin_in_out_dummy_class3getENS_9bufferingE
                0x00000000        0x4 hwlib.o
 .text._ZN5hwlib23_pin_in_out_dummy_class19direction_set_inputEv
                0x00000000        0x2 hwlib.o
 .text._ZN5hwlib23_pin_in_out_dummy_class20direction_set_outputEv
                0x00000000        0x2 hwlib.o
 .text._ZN5hwlib19_pin_in_dummy_class3getENS_9bufferingE
                0x00000000        0x4 hwlib.o
 .text._ZN5hwlib20_pin_out_dummy_class3setEbNS_9bufferingE
                0x00000000        0x2 hwlib.o
 .text._ZN5hwlib19_pin_oc_dummy_class3setEbNS_9bufferingE
                0x00000000        0x2 hwlib.o
 .text._ZN5hwlib19_pin_oc_dummy_class3getENS_9bufferingE
                0x00000000        0x4 hwlib.o
 .text._ZNK5hwlib9image_8x818get_implementationENS_8locationE
                0x00000000       0x3c hwlib.o
 .text._ZN5hwlib4line13draw_bufferedERNS_6windowE
                0x00000000        0xa hwlib.o
 .text._ZN5hwlib6circle13draw_bufferedERNS_6windowE
                0x00000000        0xa hwlib.o
 .text._ZN5hwlib19cin_using_uart_getc4getcEv
                0x00000000        0x8 hwlib.o
 .text._ZN5hwliblsERNS_7ostreamEx
                0x00000000       0xf4 hwlib.o
 .text._ZN5hwlib24uart_getc_bit_banged_pinERNS_6pin_inE
                0x00000000       0x8a hwlib.o
 .text._ZN5hwliblsERNS_7ostreamENS_8locationE
                0x00000000       0x38 hwlib.o
 .text._ZN5hwlib6window5writeENS_8locationENS_5colorE
                0x00000000       0x26 hwlib.o
 .text._ZN5hwlib4line4drawERNS_6windowE
                0x00000000       0x7a hwlib.o
 .text._ZN5hwlib6circle4drawERNS_6windowE
                0x00000000      0x290 hwlib.o
 .text._ZN5hwlib4randEv
                0x00000000       0x20 hwlib.o
 .text._ZN5hwlib15random_in_rangeEjj
                0x00000000       0x16 hwlib.o
 .text._ZN5db10316configure_as_adcEmm
                0x00000000       0xb8 hwlib.o
 .text._ZN5hwlib7wait_nsEi
                0x00000000       0x10 hwlib.o
 .text._ZN5hwlib7wait_msEi
                0x00000000       0x18 hwlib.o
 .text._ZN5hwlib5blinkERNS_7pin_outEj
                0x00000000       0x2c hwlib.o
 .text._ZN5hwlib4kittERNS_11port_in_outEj
                0x00000000       0x58 hwlib.o
 .text._ZN5hwlib4kittERNS_8port_outEj
                0x00000000       0x52 hwlib.o
 .text._ZN5hwlib4kittERNS_7port_ocEj
                0x00000000       0x52 hwlib.o
 .text._ZN5hwlib21graphics_random_linesERNS_6windowEj
                0x00000000       0xe0 hwlib.o
 .text._ZN5hwlib23graphics_random_circlesERNS_6windowEj
                0x00000000       0x80 hwlib.o
 .rodata._ZTVN5hwlib23_pin_in_out_dummy_classE
                0x00000000       0x20 hwlib.o
 .rodata._ZTVN5hwlib19_pin_in_dummy_classE
                0x00000000       0x10 hwlib.o
 .rodata._ZTVN5hwlib20_pin_out_dummy_classE
                0x00000000       0x10 hwlib.o
 .rodata._ZTVN5hwlib19_pin_oc_dummy_classE
                0x00000000       0x18 hwlib.o
 .rodata._ZTVN5hwlib19cin_using_uart_getcE
                0x00000000        0xc hwlib.o
 .rodata._ZTVN5hwlib9image_8x8E
                0x00000000        0xc hwlib.o
 .rodata._ZTVN5hwlib4lineE
                0x00000000       0x10 hwlib.o
 .rodata._ZTVN5hwlib6circleE
                0x00000000       0x10 hwlib.o
 .bss._ZZN5hwlib4randEvE1n
                0x00000000        0x4 hwlib.o
 .data._ZN5hwlib12pin_in_dummyE
                0x00000000        0x4 hwlib.o
 .data._ZN5hwlib12pin_oc_dummyE
                0x00000000        0x4 hwlib.o
 .data._ZN5hwlib13pin_out_dummyE
                0x00000000        0x4 hwlib.o
 .data._ZN5hwlib15font_16x16_dataE
                0x00000000      0xbe4 hwlib.o
 .data._ZN5hwlib16pin_in_out_dummyE
                0x00000000        0x4 hwlib.o
 .data._ZN5hwlib3cinE
                0x00000000        0x4 hwlib.o
 .rodata._ZN5hwlib16font_default_8x86imagesE
                0x00000000      0xa00 hwlib.o
 .rodata._ZN5hwlibL5blackE
                0x00000000        0x4 hwlib.o
 .rodata._ZN5hwlibL5whiteE
                0x00000000        0x4 hwlib.o
 .rodata._ZN5hwliblsERNS_7ostreamENS_8locationE.str1.1
                0x00000000        0x6 hwlib.o
 .group         0x00000000        0x8 main.o
 .group         0x00000000        0x8 main.o
 .group         0x00000000        0x8 main.o
 .group         0x00000000        0x8 main.o
 .group         0x00000000        0x8 main.o
 .text          0x00000000        0x0 main.o
 .data          0x00000000        0x0 main.o
 .bss           0x00000000        0x0 main.o
 .text._ZN5hwlib7pin_out5flushEv
                0x00000000        0x2 main.o
 .text._ZN5hwliblsERNS_7ostreamEPKc
                0x00000000       0x70 main.o
 .text._ZN5db1037gpioregEmm
                0x00000000        0xc main.o
 .text._ZN5db1037pin_out3setEbN5hwlib9bufferingE
                0x00000000       0x16 main.o
 .text._ZN5db10311pin_gp_confEPVmm
                0x00000000        0xc main.o
 .text._ZN5db10311pin_ad_confEPVmm
                0x00000000        0xc main.o
 .text._ZN5db10317configure_as_gpioEmm
                0x00000000      0x348 main.o
 .text._ZN5db10316configure_as_adcEmm
                0x00000000       0xb8 main.o
 .text._ZN5hwlib7wait_usEi
                0x00000000       0x20 main.o
 .text._ZN5hwlib7wait_nsEi
                0x00000000       0x10 main.o
 .text._ZN5hwlib7wait_msEi
                0x00000000       0x18 main.o
 .text._ZN5hwlib9uart_putcEc
                0x00000000       0x50 main.o
 .rodata._ZTVN5db1037pin_outE
                0x00000000       0x10 main.o
 .bss._ZGVZN5hwlib9uart_putcEcE3pin
                0x00000000        0x4 main.o
 .bss._ZZN5hwlib9uart_putcEcE3pin
                0x00000000       0x10 main.o
 .rodata._ZN5db10317configure_as_gpioEmm.str1.1
                0x00000000       0x21 main.o
 .text          0x00000000        0x0 bmptk_cortex.o
 .data          0x00000000        0x0 bmptk_cortex.o
 .bss           0x00000000        0x0 bmptk_cortex.o
 .text.__aeabi_idiv0
                0x00000000        0x4 bmptk_cortex.o
 .text.__cxa_pure_virtual
                0x00000000        0x2 bmptk_cortex.o
 COMMON         0x00000000        0x4 bmptk_cortex.o
 .text          0x00000000        0x0 bmptk_heap_none.o
 .data          0x00000000        0x0 bmptk_heap_none.o
 .bss           0x00000000        0x0 bmptk_heap_none.o
 .text.malloc   0x00000000        0xa bmptk_heap_none.o
 .text.free     0x00000000        0x8 bmptk_heap_none.o
 .text          0x00000000        0x0 bmptk_fixed_size_stack.o
 .data          0x00000000        0x0 bmptk_fixed_size_stack.o
 .bss           0x00000000        0x0 bmptk_fixed_size_stack.o
 .text          0x00000000       0x9c c:/sysgcc/arm-eabi/bin/../lib/gcc/arm-eabi/6.2.0/thumb/cortex_m0\libgcc.a(_udivsi3.o)
 .data          0x00000000        0x0 c:/sysgcc/arm-eabi/bin/../lib/gcc/arm-eabi/6.2.0/thumb/cortex_m0\libgcc.a(_udivsi3.o)
 .bss           0x00000000        0x0 c:/sysgcc/arm-eabi/bin/../lib/gcc/arm-eabi/6.2.0/thumb/cortex_m0\libgcc.a(_udivsi3.o)
 .text          0x00000000       0xc0 c:/sysgcc/arm-eabi/bin/../lib/gcc/arm-eabi/6.2.0/thumb/cortex_m0\libgcc.a(_divsi3.o)
 .data          0x00000000        0x0 c:/sysgcc/arm-eabi/bin/../lib/gcc/arm-eabi/6.2.0/thumb/cortex_m0\libgcc.a(_divsi3.o)
 .bss           0x00000000        0x0 c:/sysgcc/arm-eabi/bin/../lib/gcc/arm-eabi/6.2.0/thumb/cortex_m0\libgcc.a(_divsi3.o)
 .text          0x00000000       0x48 c:/sysgcc/arm-eabi/bin/../lib/gcc/arm-eabi/6.2.0/thumb/cortex_m0\libgcc.a(_aeabi_ldivmod.o)
 .data          0x00000000        0x0 c:/sysgcc/arm-eabi/bin/../lib/gcc/arm-eabi/6.2.0/thumb/cortex_m0\libgcc.a(_aeabi_ldivmod.o)
 .bss           0x00000000        0x0 c:/sysgcc/arm-eabi/bin/../lib/gcc/arm-eabi/6.2.0/thumb/cortex_m0\libgcc.a(_aeabi_ldivmod.o)
 .text          0x00000000       0x38 c:/sysgcc/arm-eabi/bin/../lib/gcc/arm-eabi/6.2.0/thumb/cortex_m0\libgcc.a(bpabi.o)
 .data          0x00000000        0x0 c:/sysgcc/arm-eabi/bin/../lib/gcc/arm-eabi/6.2.0/thumb/cortex_m0\libgcc.a(bpabi.o)
 .bss           0x00000000        0x0 c:/sysgcc/arm-eabi/bin/../lib/gcc/arm-eabi/6.2.0/thumb/cortex_m0\libgcc.a(bpabi.o)
 .text          0x00000000        0x4 c:/sysgcc/arm-eabi/bin/../lib/gcc/arm-eabi/6.2.0/thumb/cortex_m0\libgcc.a(_dvmd_tls.o)
 .data          0x00000000        0x0 c:/sysgcc/arm-eabi/bin/../lib/gcc/arm-eabi/6.2.0/thumb/cortex_m0\libgcc.a(_dvmd_tls.o)
 .bss           0x00000000        0x0 c:/sysgcc/arm-eabi/bin/../lib/gcc/arm-eabi/6.2.0/thumb/cortex_m0\libgcc.a(_dvmd_tls.o)
 .text          0x00000000       0x54 c:/sysgcc/arm-eabi/bin/../lib/gcc/arm-eabi/6.2.0/thumb/cortex_m0\libgcc.a(_muldi3.o)
 .data          0x00000000        0x0 c:/sysgcc/arm-eabi/bin/../lib/gcc/arm-eabi/6.2.0/thumb/cortex_m0\libgcc.a(_muldi3.o)
 .bss           0x00000000        0x0 c:/sysgcc/arm-eabi/bin/../lib/gcc/arm-eabi/6.2.0/thumb/cortex_m0\libgcc.a(_muldi3.o)
 .text          0x00000000      0x1b8 c:/sysgcc/arm-eabi/bin/../lib/gcc/arm-eabi/6.2.0/thumb/cortex_m0\libgcc.a(_divdi3.o)
 .data          0x00000000        0x0 c:/sysgcc/arm-eabi/bin/../lib/gcc/arm-eabi/6.2.0/thumb/cortex_m0\libgcc.a(_divdi3.o)
 .bss           0x00000000        0x0 c:/sysgcc/arm-eabi/bin/../lib/gcc/arm-eabi/6.2.0/thumb/cortex_m0\libgcc.a(_divdi3.o)
 .ARM.extab     0x00000000        0x0 c:/sysgcc/arm-eabi/bin/../lib/gcc/arm-eabi/6.2.0/thumb/cortex_m0\libgcc.a(_divdi3.o)
 .ARM.exidx     0x00000000        0x8 c:/sysgcc/arm-eabi/bin/../lib/gcc/arm-eabi/6.2.0/thumb/cortex_m0\libgcc.a(_divdi3.o)
 .text          0x00000000       0x18 c:/sysgcc/arm-eabi/bin/../lib/gcc/arm-eabi/6.2.0/thumb/cortex_m0\libgcc.a(_clzdi2.o)
 .data          0x00000000        0x0 c:/sysgcc/arm-eabi/bin/../lib/gcc/arm-eabi/6.2.0/thumb/cortex_m0\libgcc.a(_clzdi2.o)
 .bss           0x00000000        0x0 c:/sysgcc/arm-eabi/bin/../lib/gcc/arm-eabi/6.2.0/thumb/cortex_m0\libgcc.a(_clzdi2.o)
 .text          0x00000000       0x3c c:/sysgcc/arm-eabi/bin/../lib/gcc/arm-eabi/6.2.0/thumb/cortex_m0\libgcc.a(_clzsi2.o)
 .data          0x00000000        0x0 c:/sysgcc/arm-eabi/bin/../lib/gcc/arm-eabi/6.2.0/thumb/cortex_m0\libgcc.a(_clzsi2.o)
 .bss           0x00000000        0x0 c:/sysgcc/arm-eabi/bin/../lib/gcc/arm-eabi/6.2.0/thumb/cortex_m0\libgcc.a(_clzsi2.o)
 .text          0x00000000       0x84 c:/sysgcc/arm-eabi/bin/../lib/gcc/arm-eabi/6.2.0/../../../../arm-eabi/lib/thumb/cortex_m0\libc.a(lib_a-memcpy-stub.o)
 .data          0x00000000        0x0 c:/sysgcc/arm-eabi/bin/../lib/gcc/arm-eabi/6.2.0/../../../../arm-eabi/lib/thumb/cortex_m0\libc.a(lib_a-memcpy-stub.o)
 .bss           0x00000000        0x0 c:/sysgcc/arm-eabi/bin/../lib/gcc/arm-eabi/6.2.0/../../../../arm-eabi/lib/thumb/cortex_m0\libc.a(lib_a-memcpy-stub.o)

Memory Configuration

Name             Origin             Length             Attributes
rom              0x00000000         0x00008000         xr
ram              0x10000000         0x00001000         xrw
nul              0x20000000         0x00000000         xrw
*default*        0x00000000         0xffffffff

Linker script and memory map

LOAD c:/sysgcc/arm-eabi/bin/../lib/gcc/arm-eabi/6.2.0/thumb/cortex_m0\libgcc.a
LOAD hwlib.o
LOAD main.o
LOAD bmptk_cortex.o
LOAD bmptk_heap_none.o
LOAD bmptk_fixed_size_stack.o
LOAD c:/sysgcc/arm-eabi/bin/../lib/gcc/arm-eabi/6.2.0/../../../../arm-eabi/lib/thumb/cortex_m0\libstdc++.a
LOAD c:/sysgcc/arm-eabi/bin/../lib/gcc/arm-eabi/6.2.0/../../../../arm-eabi/lib/thumb/cortex_m0\libm.a
START GROUP
LOAD c:/sysgcc/arm-eabi/bin/../lib/gcc/arm-eabi/6.2.0/thumb/cortex_m0\libgcc.a
LOAD c:/sysgcc/arm-eabi/bin/../lib/gcc/arm-eabi/6.2.0/../../../../arm-eabi/lib/thumb/cortex_m0\libc.a
END GROUP
                0x00000000                __rom_start = ORIGIN (rom)
                0x00008000                __rom_size = LENGTH (rom)
                0x00008000                __rom_end = (__rom_start + __rom_size)
                0x10000000                __ram_start = ORIGIN (ram)
                0x00001000                __ram_size = LENGTH (ram)
                0x10001000                __ram_end = (__ram_start + __ram_size)
                [!provide]                PROVIDE (__rom_start, __rom_start)
                [!provide]                PROVIDE (__rom_size, __rom_size)
                [!provide]                PROVIDE (__rom_end, __rom_end)
                [!provide]                PROVIDE (__ram_start, __ram_start)
                [!provide]                PROVIDE (__ram_size, __ram_size)
                [!provide]                PROVIDE (__ram_end, __ram_end)

.text           0x00000000      0x618
                0x00000000                . = ALIGN (0x4)
                0x00000000                __text_start = .
                [!provide]                PROVIDE (__text_start, __text_start)
                0x00000000                . = ALIGN (0x4)
 *(.vectors)
 .vectors       0x00000000       0x20 bmptk_cortex.o
                0x00000000                __vectors
                0x00000020                . = ALIGN (0x4)
 *(.text .text.* .gnu.linkonce.t.*)
 .text._ZN5hwlib7pin_out5flushEv
                0x00000020        0x2 hwlib.o
                0x00000020                _ZN5hwlib7pin_out5flushEv
 .text._ZN5hwlib7ostream5flushEv
                0x00000022        0x2 hwlib.o
                0x00000022                _ZN5hwlib7ostream5flushEv
 .text._ZN5hwlib7ostream6fillerEi
                0x00000024       0x1a hwlib.o
                0x00000024                _ZN5hwlib7ostream6fillerEi
 .text._ZN5hwliblsERNS_7ostreamEPKc
                0x0000003e       0x5e hwlib.o
                0x0000003e                _ZN5hwliblsERNS_7ostreamEPKc
 .text._ZN5hwlib5panicEPKcj
                0x0000009c        0x2 hwlib.o
                0x0000009c                _ZN5hwlib5panicEPKcj
 .text._ZN5db1037gpioregEmm
                0x0000009e        0xc hwlib.o
                0x0000009e                _ZN5db1037gpioregEmm
 .text._ZN5db1037pin_out3setEbN5hwlib9bufferingE
                0x000000aa       0x16 hwlib.o
                0x000000aa                _ZN5db1037pin_out3setEbN5hwlib9bufferingE
 .text._ZN5db10311pin_gp_confEPVmm
                0x000000c0        0xc hwlib.o
                0x000000c0                _ZN5db10311pin_gp_confEPVmm
 .text._ZN5db10311pin_ad_confEPVmm
                0x000000cc        0xc hwlib.o
                0x000000cc                _ZN5db10311pin_ad_confEPVmm
 .text._ZN5db10317configure_as_gpioEmm
                0x000000d8      0x348 hwlib.o
                0x000000d8                _ZN5db10317configure_as_gpioEmm
 .text._ZN5hwlib7wait_usEi
                0x00000420       0x20 hwlib.o
                0x00000420                _ZN5hwlib7wait_usEi
 .text._ZN5hwlib24uart_putc_bit_banged_pinEcRNS_7pin_outE
                0x00000440       0x66 hwlib.o
                0x00000440                _ZN5hwlib24uart_putc_bit_banged_pinEcRNS_7pin_outE
 *fill*         0x000004a6        0x2 
 .text._ZN5hwlib9uart_putcEc
                0x000004a8       0x50 hwlib.o
                0x000004a8                _ZN5hwlib9uart_putcEc
 .text._ZN5hwlib20cout_using_uart_putc4putcEc
                0x000004f8        0xa hwlib.o
                0x000004f8                _ZN5hwlib20cout_using_uart_putc4putcEc
 .text._ZN5hwlib7ostreamlsEc
                0x00000502        0xe main.o
                0x00000502                _ZN5hwlib7ostreamlsEc
 .text.startup.main
                0x00000510       0x44 main.o
                0x00000510                main
 .text.__startup
                0x00000554       0x58 bmptk_cortex.o
                0x00000554                __startup
                0x000005ac                . = ALIGN (0x4)
 *(.glue_7t .glue_7)
 .glue_7        0x000005ac        0x0 linker stubs
 .glue_7t       0x000005ac        0x0 linker stubs
                0x000005ac                . = ALIGN (0x4)
 *(.rodata .rodata.* .gnu.linkonce.r.*)
 .rodata._ZTVN5hwlib20cout_using_uart_putcE
                0x000005ac       0x10 hwlib.o
                0x000005ac                _ZTVN5hwlib20cout_using_uart_putcE
 .rodata._ZTVN5db1037pin_outE
                0x000005bc       0x10 hwlib.o
                0x000005bc                _ZTVN5db1037pin_outE
 .rodata._ZN5db10317configure_as_gpioEmm.str1.1
                0x000005cc       0x21 hwlib.o
 .rodata.main.str1.1
                0x000005ed       0x29 main.o
                0x00000618                . = ALIGN (0x4)
 *fill*         0x00000616        0x2 
 *(.ARM.extab* .gnu.linkonce.armextab.*)
                0x00000618                . = ALIGN (0x4)
 *(.gcc_except_table)
                0x00000618                . = ALIGN (0x4)
 *(.eh_frame_hdr)
                0x00000618                . = ALIGN (0x4)
 *(.eh_frame)
                0x00000618                . = ALIGN (0x4)
                0x00000618                __text_end = .
                [!provide]                PROVIDE (__text_end, __text_end)

.vfp11_veneer   0x00000618        0x0
 .vfp11_veneer  0x00000618        0x0 linker stubs

.v4_bx          0x00000618        0x0
 .v4_bx         0x00000618        0x0 linker stubs

.iplt           0x00000618        0x0
 .iplt          0x00000618        0x0 hwlib.o

.rel.dyn        0x00000618        0x0
 .rel.iplt      0x00000618        0x0 hwlib.o

.IF_YOU_SEE_THIS_YOU_HAVE_ONE_OR_MORE_GLOBAL_OBJECT_CONSTRUCTORS
 *(.init)
 *(.preinit_array)
 *(SORT(.init_array.*))
 *(.init_array)
                0x00000618                . = ALIGN (0x4)
                0x00000618                __exidx_start = .
                [!provide]                PROVIDE (__exidx_start, __exidx_start)

.ARM.exidx
 *(.ARM.exidx* .gnu.linkonce.armexidx.*)
                0x00000618                . = ALIGN (0x4)
                0x00000618                __exidx_end = .
                [!provide]                PROVIDE (__exidx_end, __exidx_end)

.bss            0x10000000      0xc14
                0x10000000                . = ALIGN (0x4)
                0x10000000                __stack_start = .
                [!provide]                PROVIDE (__stack_start, __stack_start)
                0x10000000                . = ALIGN (0x4)
 *(.bmptk_stack)
 .bmptk_stack   0x10000000      0xc00 bmptk_fixed_size_stack.o
                0x10000000                bmptk_stack
                0x10000c00                . = ALIGN (0x8)
                0x10000c00                __main_stack_end = .
                [!provide]                PROVIDE (__main_stack_end, __main_stack_end)
                0x10000c00                . = ALIGN (0x4)
                0x10000c00                __stack_end = .
                [!provide]                PROVIDE (__stack_end, __stack_end)
                0x10000c00                . = ALIGN (0x4)
                0x10000c00                __bss_start = .
                [!provide]                PROVIDE (__bss_start, __bss_start)
                0x10000c00                . = ALIGN (0x4)
 *(.bss .bss.* .gnu.linkonce.b.*)
 .bss._ZGVZN5hwlib9uart_putcEcE3pin
                0x10000c00        0x4 hwlib.o
 .bss._ZZN5hwlib9uart_putcEcE3pin
                0x10000c04       0x10 hwlib.o
                0x10000c14                . = ALIGN (0x4)
 *(COMMON)
                0x10000c14                . = ALIGN (0x4)
                0x10000c14                __bss_end = .
                [!provide]                PROVIDE (__bss_end, __bss_end)

.data           0x10000c14       0x14 load address 0x00000618
                0x10000c14                . = ALIGN (0x4)
                0x00000618                __data_init_start = LOADADDR (.data)
                [!provide]                PROVIDE (__data_init_start, __data_init_start)
                0x10000c14                __data_start = .
                [!provide]                PROVIDE (__data_start, __data_start)
                0x10000c14                . = ALIGN (0x4)
 *(.data .data.* .gnu.linkonce.d.*)
 .data._ZN5hwlib4coutE
                0x10000c14       0x14 hwlib.o
                0x10000c14                _ZN5hwlib4coutE
                0x10000c28                . = ALIGN (0x4)
                0x10000c28                __data_end = .
                [!provide]                PROVIDE (__data_end, __data_end)
                0x00000618                __data_init_end = LOADADDR (.data)
                [!provide]                PROVIDE (__data_init_end, __data_init_end)
                0x00000014                PROVIDE (__data_size, (__data_end - __data_start))
                0x00000014                PROVIDE (__data_init_size, __data_size)
                [!provide]                PROVIDE (__data_init_end, (__data_init_start + __data_init_size))

.igot.plt       0x10000c28        0x0 load address 0x0000062c
 .igot.plt      0x10000c28        0x0 hwlib.o
                0x10000c28                . = ALIGN (0x4)
                0x10000c28                __heap_start = .
                [!provide]                PROVIDE (__heap_start, __heap_start)
                0x10000c28                . = ALIGN (0x4)
                0x10001000                __heap_end = __ram_end
                [!provide]                PROVIDE (__heap_end, __heap_end)

.stab
 *(.stab)

.stabstr
 *(.stabstr)

.debug
 *(.debug)

.line
 *(.line)

.debug_srcinfo
 *(.debug_srcinfo)

.debug_sfnames
 *(.debug_sfnames)

.debug_aranges  0x00000000      0x140
 *(.debug_aranges)
 .debug_aranges
                0x00000000       0x20 c:/sysgcc/arm-eabi/bin/../lib/gcc/arm-eabi/6.2.0/thumb/cortex_m0\libgcc.a(_udivsi3.o)
 .debug_aranges
                0x00000020       0x20 c:/sysgcc/arm-eabi/bin/../lib/gcc/arm-eabi/6.2.0/thumb/cortex_m0\libgcc.a(_divsi3.o)
 .debug_aranges
                0x00000040       0x20 c:/sysgcc/arm-eabi/bin/../lib/gcc/arm-eabi/6.2.0/thumb/cortex_m0\libgcc.a(_aeabi_ldivmod.o)
 .debug_aranges
                0x00000060       0x20 c:/sysgcc/arm-eabi/bin/../lib/gcc/arm-eabi/6.2.0/thumb/cortex_m0\libgcc.a(bpabi.o)
 .debug_aranges
                0x00000080       0x20 c:/sysgcc/arm-eabi/bin/../lib/gcc/arm-eabi/6.2.0/thumb/cortex_m0\libgcc.a(_dvmd_tls.o)
 .debug_aranges
                0x000000a0       0x20 c:/sysgcc/arm-eabi/bin/../lib/gcc/arm-eabi/6.2.0/thumb/cortex_m0\libgcc.a(_muldi3.o)
 .debug_aranges
                0x000000c0       0x20 c:/sysgcc/arm-eabi/bin/../lib/gcc/arm-eabi/6.2.0/thumb/cortex_m0\libgcc.a(_divdi3.o)
 .debug_aranges
                0x000000e0       0x20 c:/sysgcc/arm-eabi/bin/../lib/gcc/arm-eabi/6.2.0/thumb/cortex_m0\libgcc.a(_clzdi2.o)
 .debug_aranges
                0x00000100       0x20 c:/sysgcc/arm-eabi/bin/../lib/gcc/arm-eabi/6.2.0/thumb/cortex_m0\libgcc.a(_clzsi2.o)
 .debug_aranges
                0x00000120       0x20 c:/sysgcc/arm-eabi/bin/../lib/gcc/arm-eabi/6.2.0/../../../../arm-eabi/lib/thumb/cortex_m0\libc.a(lib_a-memcpy-stub.o)

.debug_pubnames
 *(.debug_pubnames)

.debug_info     0x00000000     0x231a
 *(.debug_info .gnu.linkonce.wi.*)
 .debug_info    0x00000000       0xdd c:/sysgcc/arm-eabi/bin/../lib/gcc/arm-eabi/6.2.0/thumb/cortex_m0\libgcc.a(_udivsi3.o)
 .debug_info    0x000000dd       0xdd c:/sysgcc/arm-eabi/bin/../lib/gcc/arm-eabi/6.2.0/thumb/cortex_m0\libgcc.a(_divsi3.o)
 .debug_info    0x000001ba       0xdd c:/sysgcc/arm-eabi/bin/../lib/gcc/arm-eabi/6.2.0/thumb/cortex_m0\libgcc.a(_aeabi_ldivmod.o)
 .debug_info    0x00000297       0xbc c:/sysgcc/arm-eabi/bin/../lib/gcc/arm-eabi/6.2.0/thumb/cortex_m0\libgcc.a(bpabi.o)
 .debug_info    0x00000353       0xdd c:/sysgcc/arm-eabi/bin/../lib/gcc/arm-eabi/6.2.0/thumb/cortex_m0\libgcc.a(_dvmd_tls.o)
 .debug_info    0x00000430      0x9c3 c:/sysgcc/arm-eabi/bin/../lib/gcc/arm-eabi/6.2.0/thumb/cortex_m0\libgcc.a(_muldi3.o)
 .debug_info    0x00000df3      0xa2e c:/sysgcc/arm-eabi/bin/../lib/gcc/arm-eabi/6.2.0/thumb/cortex_m0\libgcc.a(_divdi3.o)
 .debug_info    0x00001821       0xdd c:/sysgcc/arm-eabi/bin/../lib/gcc/arm-eabi/6.2.0/thumb/cortex_m0\libgcc.a(_clzdi2.o)
 .debug_info    0x000018fe       0xdd c:/sysgcc/arm-eabi/bin/../lib/gcc/arm-eabi/6.2.0/thumb/cortex_m0\libgcc.a(_clzsi2.o)
 .debug_info    0x000019db      0x93f c:/sysgcc/arm-eabi/bin/../lib/gcc/arm-eabi/6.2.0/../../../../arm-eabi/lib/thumb/cortex_m0\libc.a(lib_a-memcpy-stub.o)

.debug_abbrev   0x00000000      0x630
 *(.debug_abbrev)
 .debug_abbrev  0x00000000       0x14 c:/sysgcc/arm-eabi/bin/../lib/gcc/arm-eabi/6.2.0/thumb/cortex_m0\libgcc.a(_udivsi3.o)
 .debug_abbrev  0x00000014       0x14 c:/sysgcc/arm-eabi/bin/../lib/gcc/arm-eabi/6.2.0/thumb/cortex_m0\libgcc.a(_divsi3.o)
 .debug_abbrev  0x00000028       0x14 c:/sysgcc/arm-eabi/bin/../lib/gcc/arm-eabi/6.2.0/thumb/cortex_m0\libgcc.a(_aeabi_ldivmod.o)
 .debug_abbrev  0x0000003c       0x99 c:/sysgcc/arm-eabi/bin/../lib/gcc/arm-eabi/6.2.0/thumb/cortex_m0\libgcc.a(bpabi.o)
 .debug_abbrev  0x000000d5       0x14 c:/sysgcc/arm-eabi/bin/../lib/gcc/arm-eabi/6.2.0/thumb/cortex_m0\libgcc.a(_dvmd_tls.o)
 .debug_abbrev  0x000000e9      0x181 c:/sysgcc/arm-eabi/bin/../lib/gcc/arm-eabi/6.2.0/thumb/cortex_m0\libgcc.a(_muldi3.o)
 .debug_abbrev  0x0000026a      0x1bc c:/sysgcc/arm-eabi/bin/../lib/gcc/arm-eabi/6.2.0/thumb/cortex_m0\libgcc.a(_divdi3.o)
 .debug_abbrev  0x00000426       0x14 c:/sysgcc/arm-eabi/bin/../lib/gcc/arm-eabi/6.2.0/thumb/cortex_m0\libgcc.a(_clzdi2.o)
 .debug_abbrev  0x0000043a       0x14 c:/sysgcc/arm-eabi/bin/../lib/gcc/arm-eabi/6.2.0/thumb/cortex_m0\libgcc.a(_clzsi2.o)
 .debug_abbrev  0x0000044e      0x1e2 c:/sysgcc/arm-eabi/bin/../lib/gcc/arm-eabi/6.2.0/../../../../arm-eabi/lib/thumb/cortex_m0\libc.a(lib_a-memcpy-stub.o)

.debug_line     0x00000000      0x732
 *(.debug_line)
 .debug_line    0x00000000       0x7e c:/sysgcc/arm-eabi/bin/../lib/gcc/arm-eabi/6.2.0/thumb/cortex_m0\libgcc.a(_udivsi3.o)
 .debug_line    0x0000007e       0x8c c:/sysgcc/arm-eabi/bin/../lib/gcc/arm-eabi/6.2.0/thumb/cortex_m0\libgcc.a(_divsi3.o)
 .debug_line    0x0000010a       0x72 c:/sysgcc/arm-eabi/bin/../lib/gcc/arm-eabi/6.2.0/thumb/cortex_m0\libgcc.a(_aeabi_ldivmod.o)
 .debug_line    0x0000017c       0x68 c:/sysgcc/arm-eabi/bin/../lib/gcc/arm-eabi/6.2.0/thumb/cortex_m0\libgcc.a(bpabi.o)
 .debug_line    0x000001e4       0x67 c:/sysgcc/arm-eabi/bin/../lib/gcc/arm-eabi/6.2.0/thumb/cortex_m0\libgcc.a(_dvmd_tls.o)
 .debug_line    0x0000024b      0x135 c:/sysgcc/arm-eabi/bin/../lib/gcc/arm-eabi/6.2.0/thumb/cortex_m0\libgcc.a(_muldi3.o)
 .debug_line    0x00000380      0x155 c:/sysgcc/arm-eabi/bin/../lib/gcc/arm-eabi/6.2.0/thumb/cortex_m0\libgcc.a(_divdi3.o)
 .debug_line    0x000004d5       0x71 c:/sysgcc/arm-eabi/bin/../lib/gcc/arm-eabi/6.2.0/thumb/cortex_m0\libgcc.a(_clzdi2.o)
 .debug_line    0x00000546       0x7b c:/sysgcc/arm-eabi/bin/../lib/gcc/arm-eabi/6.2.0/thumb/cortex_m0\libgcc.a(_clzsi2.o)
 .debug_line    0x000005c1      0x171 c:/sysgcc/arm-eabi/bin/../lib/gcc/arm-eabi/6.2.0/../../../../arm-eabi/lib/thumb/cortex_m0\libc.a(lib_a-memcpy-stub.o)

.debug_frame    0x00000000      0x110
 *(.debug_frame)
 .debug_frame   0x00000000       0x20 c:/sysgcc/arm-eabi/bin/../lib/gcc/arm-eabi/6.2.0/thumb/cortex_m0\libgcc.a(_udivsi3.o)
 .debug_frame   0x00000020       0x20 c:/sysgcc/arm-eabi/bin/../lib/gcc/arm-eabi/6.2.0/thumb/cortex_m0\libgcc.a(_divsi3.o)
 .debug_frame   0x00000040       0x30 c:/sysgcc/arm-eabi/bin/../lib/gcc/arm-eabi/6.2.0/thumb/cortex_m0\libgcc.a(bpabi.o)
 .debug_frame   0x00000070       0x34 c:/sysgcc/arm-eabi/bin/../lib/gcc/arm-eabi/6.2.0/thumb/cortex_m0\libgcc.a(_muldi3.o)
 .debug_frame   0x000000a4       0x3c c:/sysgcc/arm-eabi/bin/../lib/gcc/arm-eabi/6.2.0/thumb/cortex_m0\libgcc.a(_divdi3.o)
 .debug_frame   0x000000e0       0x30 c:/sysgcc/arm-eabi/bin/../lib/gcc/arm-eabi/6.2.0/../../../../arm-eabi/lib/thumb/cortex_m0\libc.a(lib_a-memcpy-stub.o)

.debug_str      0x00000000     0x125f
 *(.debug_str)
 .debug_str     0x00000000      0x19c c:/sysgcc/arm-eabi/bin/../lib/gcc/arm-eabi/6.2.0/thumb/cortex_m0\libgcc.a(bpabi.o)
 .debug_str     0x0000019c      0xac8 c:/sysgcc/arm-eabi/bin/../lib/gcc/arm-eabi/6.2.0/thumb/cortex_m0\libgcc.a(_muldi3.o)
                                0xc89 (size before relaxing)
 .debug_str     0x00000c64       0xb5 c:/sysgcc/arm-eabi/bin/../lib/gcc/arm-eabi/6.2.0/thumb/cortex_m0\libgcc.a(_divdi3.o)
                                0xc83 (size before relaxing)
 .debug_str     0x00000d19      0x546 c:/sysgcc/arm-eabi/bin/../lib/gcc/arm-eabi/6.2.0/../../../../arm-eabi/lib/thumb/cortex_m0\libc.a(lib_a-memcpy-stub.o)
                                0x5fd (size before relaxing)

.debug_loc      0x00000000      0x97b
 *(.debug_loc)
 .debug_loc     0x00000000       0x70 c:/sysgcc/arm-eabi/bin/../lib/gcc/arm-eabi/6.2.0/thumb/cortex_m0\libgcc.a(bpabi.o)
 .debug_loc     0x00000070      0x19b c:/sysgcc/arm-eabi/bin/../lib/gcc/arm-eabi/6.2.0/thumb/cortex_m0\libgcc.a(_muldi3.o)
 .debug_loc     0x0000020b      0x4b0 c:/sysgcc/arm-eabi/bin/../lib/gcc/arm-eabi/6.2.0/thumb/cortex_m0\libgcc.a(_divdi3.o)
 .debug_loc     0x000006bb      0x2c0 c:/sysgcc/arm-eabi/bin/../lib/gcc/arm-eabi/6.2.0/../../../../arm-eabi/lib/thumb/cortex_m0\libc.a(lib_a-memcpy-stub.o)

.comment        0x00000000       0x11
 .comment       0x00000000       0x11 hwlib.o
                                 0x12 (size before relaxing)
 .comment       0x00000011       0x12 main.o
 .comment       0x00000011       0x12 bmptk_cortex.o
 .comment       0x00000011       0x12 bmptk_heap_none.o
 .comment       0x00000011       0x12 bmptk_fixed_size_stack.o
 .comment       0x00000011       0x12 c:/sysgcc/arm-eabi/bin/../lib/gcc/arm-eabi/6.2.0/thumb/cortex_m0\libgcc.a(bpabi.o)
 .comment       0x00000011       0x12 c:/sysgcc/arm-eabi/bin/../lib/gcc/arm-eabi/6.2.0/thumb/cortex_m0\libgcc.a(_muldi3.o)
 .comment       0x00000011       0x12 c:/sysgcc/arm-eabi/bin/../lib/gcc/arm-eabi/6.2.0/thumb/cortex_m0\libgcc.a(_divdi3.o)
 .comment       0x00000011       0x12 c:/sysgcc/arm-eabi/bin/../lib/gcc/arm-eabi/6.2.0/../../../../arm-eabi/lib/thumb/cortex_m0\libc.a(lib_a-memcpy-stub.o)

.debug_macinfo
 *(.debug_macinfo)

.debug_weaknames
 *(.debug_weaknames)

.debug_funcnames
 *(.debug_funcnames)

.debug_typenames
 *(.debug_typenames)

.debug_varnames
 *(.debug_varnames)

.note.gnu.arm.ident
 *(.note.gnu.arm.ident)

.ARM.attributes
                0x00000000       0x31
 *(.ARM.attributes)
 .ARM.attributes
                0x00000000       0x31 hwlib.o
 .ARM.attributes
                0x00000031       0x31 main.o
 .ARM.attributes
                0x00000062       0x31 bmptk_cortex.o
 .ARM.attributes
                0x00000093       0x31 bmptk_heap_none.o
 .ARM.attributes
                0x000000c4       0x31 bmptk_fixed_size_stack.o
 .ARM.attributes
                0x000000f5       0x23 c:/sysgcc/arm-eabi/bin/../lib/gcc/arm-eabi/6.2.0/thumb/cortex_m0\libgcc.a(_udivsi3.o)
 .ARM.attributes
                0x00000118       0x23 c:/sysgcc/arm-eabi/bin/../lib/gcc/arm-eabi/6.2.0/thumb/cortex_m0\libgcc.a(_divsi3.o)
 .ARM.attributes
                0x0000013b       0x23 c:/sysgcc/arm-eabi/bin/../lib/gcc/arm-eabi/6.2.0/thumb/cortex_m0\libgcc.a(_aeabi_ldivmod.o)
 .ARM.attributes
                0x0000015e       0x31 c:/sysgcc/arm-eabi/bin/../lib/gcc/arm-eabi/6.2.0/thumb/cortex_m0\libgcc.a(bpabi.o)
 .ARM.attributes
                0x0000018f       0x23 c:/sysgcc/arm-eabi/bin/../lib/gcc/arm-eabi/6.2.0/thumb/cortex_m0\libgcc.a(_dvmd_tls.o)
 .ARM.attributes
                0x000001b2       0x31 c:/sysgcc/arm-eabi/bin/../lib/gcc/arm-eabi/6.2.0/thumb/cortex_m0\libgcc.a(_muldi3.o)
 .ARM.attributes
                0x000001e3       0x31 c:/sysgcc/arm-eabi/bin/../lib/gcc/arm-eabi/6.2.0/thumb/cortex_m0\libgcc.a(_divdi3.o)
 .ARM.attributes
                0x00000214       0x23 c:/sysgcc/arm-eabi/bin/../lib/gcc/arm-eabi/6.2.0/thumb/cortex_m0\libgcc.a(_clzdi2.o)
 .ARM.attributes
                0x00000237       0x23 c:/sysgcc/arm-eabi/bin/../lib/gcc/arm-eabi/6.2.0/thumb/cortex_m0\libgcc.a(_clzsi2.o)
 .ARM.attributes
                0x0000025a       0x31 c:/sysgcc/arm-eabi/bin/../lib/gcc/arm-eabi/6.2.0/../../../../arm-eabi/lib/thumb/cortex_m0\libc.a(lib_a-memcpy-stub.o)

/DISCARD/
 *(.note.GNU-stack)
                [!provide]                PROVIDE (__text_size, (__text_end - __text_start))
                [!provide]                PROVIDE (__exidx_size, (__exidx_end - __exidx_start))
                [!provide]                PROVIDE (__bss_size, (__bss_end - __bss_start))
                [!provide]                PROVIDE (__stack_size, (__stack_end - __stack_start))
                [!provide]                PROVIDE (__heap_size, (__heap_end - __heap_start))
OUTPUT(main.elf elf32-littlearm)

.debug_ranges   0x00000000       0x40
 .debug_ranges  0x00000000       0x28 c:/sysgcc/arm-eabi/bin/../lib/gcc/arm-eabi/6.2.0/thumb/cortex_m0\libgcc.a(_muldi3.o)
 .debug_ranges  0x00000028       0x18 c:/sysgcc/arm-eabi/bin/../lib/gcc/arm-eabi/6.2.0/thumb/cortex_m0\libgcc.a(_divdi3.o)
