Archive member included to satisfy reference by file (symbol)

c:/program files/avr-gcc-7.2.0-x64-mingw/bin/../lib/gcc/avr/7.2.0/avr5\libgcc.a(_exit.o)
                              c:/program files/avr-gcc-7.2.0-x64-mingw/bin/../lib/gcc/avr/7.2.0/../../../../avr/lib/avr5/crtatmega328p.o (exit)
c:/program files/avr-gcc-7.2.0-x64-mingw/bin/../lib/gcc/avr/7.2.0/avr5\libgcc.a(_mulsi3.o)
                              hwlib.o (__mulsi3)
c:/program files/avr-gcc-7.2.0-x64-mingw/bin/../lib/gcc/avr/7.2.0/avr5\libgcc.a(_udivmodsi4.o)
                              hwlib.o (__udivmodsi4)
c:/program files/avr-gcc-7.2.0-x64-mingw/bin/../lib/gcc/avr/7.2.0/avr5\libgcc.a(_divmodsi4.o)
                              hwlib.o (__divmodsi4)
c:/program files/avr-gcc-7.2.0-x64-mingw/bin/../lib/gcc/avr/7.2.0/avr5\libgcc.a(_negsi2.o)
                              c:/program files/avr-gcc-7.2.0-x64-mingw/bin/../lib/gcc/avr/7.2.0/avr5\libgcc.a(_divmodsi4.o) (__negsi2)
c:/program files/avr-gcc-7.2.0-x64-mingw/bin/../lib/gcc/avr/7.2.0/avr5\libgcc.a(_copy_data.o)
                              hwlib.o (__do_copy_data)
c:/program files/avr-gcc-7.2.0-x64-mingw/bin/../lib/gcc/avr/7.2.0/avr5\libgcc.a(_clear_bss.o)
                              hwlib.o (__do_clear_bss)
c:/program files/avr-gcc-7.2.0-x64-mingw/bin/../lib/gcc/avr/7.2.0/avr5\libgcc.a(_muluhisi3.o)
                              c:/program files/avr-gcc-7.2.0-x64-mingw/bin/../lib/gcc/avr/7.2.0/avr5\libgcc.a(_mulsi3.o) (__muluhisi3)
c:/program files/avr-gcc-7.2.0-x64-mingw/bin/../lib/gcc/avr/7.2.0/avr5\libgcc.a(_divdi3.o)
                              hwlib.o (__moddi3)
c:/program files/avr-gcc-7.2.0-x64-mingw/bin/../lib/gcc/avr/7.2.0/avr5\libgcc.a(_udivdi3.o)
                              hwlib.o (__umoddi3)
c:/program files/avr-gcc-7.2.0-x64-mingw/bin/../lib/gcc/avr/7.2.0/avr5\libgcc.a(_udivmod64.o)
                              c:/program files/avr-gcc-7.2.0-x64-mingw/bin/../lib/gcc/avr/7.2.0/avr5\libgcc.a(_divdi3.o) (__udivmod64)
c:/program files/avr-gcc-7.2.0-x64-mingw/bin/../lib/gcc/avr/7.2.0/avr5\libgcc.a(_negdi2.o)
                              hwlib.o (__negdi2)
c:/program files/avr-gcc-7.2.0-x64-mingw/bin/../lib/gcc/avr/7.2.0/avr5\libgcc.a(_prologue.o)
                              c:/program files/avr-gcc-7.2.0-x64-mingw/bin/../lib/gcc/avr/7.2.0/avr5\libgcc.a(_divdi3.o) (__prologue_saves__)
c:/program files/avr-gcc-7.2.0-x64-mingw/bin/../lib/gcc/avr/7.2.0/avr5\libgcc.a(_epilogue.o)
                              c:/program files/avr-gcc-7.2.0-x64-mingw/bin/../lib/gcc/avr/7.2.0/avr5\libgcc.a(_divdi3.o) (__epilogue_restores__)
c:/program files/avr-gcc-7.2.0-x64-mingw/bin/../lib/gcc/avr/7.2.0/avr5\libgcc.a(_cmpdi2.o)
                              hwlib.o (__cmpdi2)
c:/program files/avr-gcc-7.2.0-x64-mingw/bin/../lib/gcc/avr/7.2.0/avr5\libgcc.a(_cmpdi2_s8.o)
                              hwlib.o (__cmpdi2_s8)
c:/program files/avr-gcc-7.2.0-x64-mingw/bin/../lib/gcc/avr/7.2.0/avr5\libgcc.a(_umulhisi3.o)
                              c:/program files/avr-gcc-7.2.0-x64-mingw/bin/../lib/gcc/avr/7.2.0/avr5\libgcc.a(_muluhisi3.o) (__umulhisi3)

Discarded input sections

 .data          0x0000000000000000        0x0 c:/program files/avr-gcc-7.2.0-x64-mingw/bin/../lib/gcc/avr/7.2.0/../../../../avr/lib/avr5/crtatmega328p.o
 .bss           0x0000000000000000        0x0 c:/program files/avr-gcc-7.2.0-x64-mingw/bin/../lib/gcc/avr/7.2.0/../../../../avr/lib/avr5/crtatmega328p.o
 .text          0x0000000000000000        0x0 c:/program files/avr-gcc-7.2.0-x64-mingw/bin/../lib/gcc/avr/7.2.0/avr5\libgcc.a(_exit.o)
 .data          0x0000000000000000        0x0 c:/program files/avr-gcc-7.2.0-x64-mingw/bin/../lib/gcc/avr/7.2.0/avr5\libgcc.a(_exit.o)
 .bss           0x0000000000000000        0x0 c:/program files/avr-gcc-7.2.0-x64-mingw/bin/../lib/gcc/avr/7.2.0/avr5\libgcc.a(_exit.o)
 .text.libgcc.mul
                0x0000000000000000        0x0 c:/program files/avr-gcc-7.2.0-x64-mingw/bin/../lib/gcc/avr/7.2.0/avr5\libgcc.a(_exit.o)
 .text.libgcc.div
                0x0000000000000000        0x0 c:/program files/avr-gcc-7.2.0-x64-mingw/bin/../lib/gcc/avr/7.2.0/avr5\libgcc.a(_exit.o)
 .text.libgcc   0x0000000000000000        0x0 c:/program files/avr-gcc-7.2.0-x64-mingw/bin/../lib/gcc/avr/7.2.0/avr5\libgcc.a(_exit.o)
 .text.libgcc.prologue
                0x0000000000000000        0x0 c:/program files/avr-gcc-7.2.0-x64-mingw/bin/../lib/gcc/avr/7.2.0/avr5\libgcc.a(_exit.o)
 .text.libgcc.builtins
                0x0000000000000000        0x0 c:/program files/avr-gcc-7.2.0-x64-mingw/bin/../lib/gcc/avr/7.2.0/avr5\libgcc.a(_exit.o)
 .text.libgcc.fmul
                0x0000000000000000        0x0 c:/program files/avr-gcc-7.2.0-x64-mingw/bin/../lib/gcc/avr/7.2.0/avr5\libgcc.a(_exit.o)
 .text.libgcc.fixed
                0x0000000000000000        0x0 c:/program files/avr-gcc-7.2.0-x64-mingw/bin/../lib/gcc/avr/7.2.0/avr5\libgcc.a(_exit.o)
 .group         0x0000000000000000        0x8 hwlib.o
 .group         0x0000000000000000        0x8 hwlib.o
 .group         0x0000000000000000        0x8 hwlib.o
 .group         0x0000000000000000        0x8 hwlib.o
 .group         0x0000000000000000        0x8 hwlib.o
 .group         0x0000000000000000        0x8 hwlib.o
 .group         0x0000000000000000        0x8 hwlib.o
 .group         0x0000000000000000        0x8 hwlib.o
 .group         0x0000000000000000        0x8 hwlib.o
 .group         0x0000000000000000        0x8 hwlib.o
 .group         0x0000000000000000        0x8 hwlib.o
 .group         0x0000000000000000        0x8 hwlib.o
 .group         0x0000000000000000        0x8 hwlib.o
 .group         0x0000000000000000        0x8 hwlib.o
 .group         0x0000000000000000        0x8 hwlib.o
 .group         0x0000000000000000        0x8 hwlib.o
 .group         0x0000000000000000        0x8 hwlib.o
 .group         0x0000000000000000        0x8 hwlib.o
 .group         0x0000000000000000        0x8 hwlib.o
 .group         0x0000000000000000        0x8 hwlib.o
 .group         0x0000000000000000        0x8 hwlib.o
 .group         0x0000000000000000        0x8 hwlib.o
 .group         0x0000000000000000        0x8 hwlib.o
 .group         0x0000000000000000        0x8 hwlib.o
 .group         0x0000000000000000        0x8 hwlib.o
 .group         0x0000000000000000        0x8 hwlib.o
 .group         0x0000000000000000        0x8 hwlib.o
 .group         0x0000000000000000        0x8 hwlib.o
 .group         0x0000000000000000        0x8 hwlib.o
 .group         0x0000000000000000        0x8 hwlib.o
 .group         0x0000000000000000        0x8 hwlib.o
 .group         0x0000000000000000        0x8 hwlib.o
 .group         0x0000000000000000        0x8 hwlib.o
 .group         0x0000000000000000        0x8 hwlib.o
 .group         0x0000000000000000        0x8 hwlib.o
 .group         0x0000000000000000        0x8 hwlib.o
 .group         0x0000000000000000        0x8 hwlib.o
 .group         0x0000000000000000        0x8 hwlib.o
 .text          0x0000000000000000        0x0 hwlib.o
 .data          0x0000000000000000        0x0 hwlib.o
 .bss           0x0000000000000000        0x0 hwlib.o
 .text._ZN5hwlib10pin_in_out7refreshEv
                0x0000000000000000        0x2 hwlib.o
 .text._ZN5hwlib10pin_in_out5flushEv
                0x0000000000000000        0x2 hwlib.o
 .text._ZN5hwlib6pin_in7refreshEv
                0x0000000000000000        0x2 hwlib.o
 .text._ZN5hwlib6pin_oc7refreshEv
                0x0000000000000000        0x2 hwlib.o
 .text._ZN5hwlib6pin_oc5flushEv
                0x0000000000000000        0x2 hwlib.o
 .text._ZN5hwlib7ostream5flushEv
                0x0000000000000000        0x2 hwlib.o
 .text._ZN5hwlib7istream11getc_nowaitEv
                0x0000000000000000       0x30 hwlib.o
 .text._ZN5hwlib23_pin_in_out_dummy_class3setEbNS_9bufferingE
                0x0000000000000000        0x2 hwlib.o
 .text._ZN5hwlib23_pin_in_out_dummy_class3getENS_9bufferingE
                0x0000000000000000        0x4 hwlib.o
 .text._ZN5hwlib23_pin_in_out_dummy_class19direction_set_inputEv
                0x0000000000000000        0x2 hwlib.o
 .text._ZN5hwlib23_pin_in_out_dummy_class20direction_set_outputEv
                0x0000000000000000        0x2 hwlib.o
 .text._ZN5hwlib19_pin_in_dummy_class3getENS_9bufferingE
                0x0000000000000000        0x4 hwlib.o
 .text._ZN5hwlib20_pin_out_dummy_class3setEbNS_9bufferingE
                0x0000000000000000        0x2 hwlib.o
 .text._ZN5hwlib19_pin_oc_dummy_class3setEbNS_9bufferingE
                0x0000000000000000        0x2 hwlib.o
 .text._ZN5hwlib19_pin_oc_dummy_class3getENS_9bufferingE
                0x0000000000000000        0x4 hwlib.o
 .text._ZNK5hwlib9image_8x818get_implementationENS_8locationE
                0x0000000000000000       0x3c hwlib.o
 .text._ZN5hwlib19cin_using_uart_getc4getcEv
                0x0000000000000000        0x4 hwlib.o
 .text._ZN5hwlib19cin_using_uart_getc14char_availableEv
                0x0000000000000000        0x4 hwlib.o
 .text._ZN5hwlib7ostream6fillerEi
                0x0000000000000000       0x36 hwlib.o
 .text._ZN5hwliblsERNS_7ostreamEPKc
                0x0000000000000000       0x84 hwlib.o
 .text._ZN5hwliblsERNS_7ostreamEx
                0x0000000000000000      0x318 hwlib.o
 .text._ZN5hwlib24uart_putc_bit_banged_pinEcRNS_7pin_outE
                0x0000000000000000       0x9e hwlib.o
 .rodata._ZN5hwliblsERNS_7ostreamENS_8locationE.str1.1
                0x0000000000000000        0x6 hwlib.o
 .text._ZN5hwliblsERNS_7ostreamENS_8locationE
                0x0000000000000000       0x78 hwlib.o
 .text._ZN5hwlib6window5writeENS_8locationENS_5colorENS_9bufferingE
                0x0000000000000000       0x40 hwlib.o
 .text._ZN5hwlib4line4drawERNS_6windowENS_9bufferingE
                0x0000000000000000      0x1b2 hwlib.o
 .text._ZN5hwlib4lineC2ENS_8locationES1_NS_5colorE
                0x0000000000000000       0x3c hwlib.o
 .text._ZN5hwlib6circle4drawERNS_6windowENS_9bufferingE
                0x0000000000000000      0x622 hwlib.o
 .text._ZN5hwlib4randEv
                0x0000000000000000       0x42 hwlib.o
 .text._ZN5hwlib15random_in_rangeEmm
                0x0000000000000000       0x4e hwlib.o
 .text._ZN3uno8pin_infoENS_4pinsE
                0x0000000000000000       0x1c hwlib.o
 .text._ZN5hwlib7wait_nsEl
                0x0000000000000000       0x14 hwlib.o
 .text._ZN5hwlib24uart_getc_bit_banged_pinERNS_6pin_inE
                0x0000000000000000      0x16e hwlib.o
 .text._ZN5hwlib4kittERNS_11port_in_outEj
                0x0000000000000000       0x9a hwlib.o
 .text._ZN5hwlib4kittERNS_8port_outEj
                0x0000000000000000       0x8e hwlib.o
 .text._ZN5hwlib4kittERNS_7port_ocEj
                0x0000000000000000       0x8e hwlib.o
 .text._ZN5hwlib21graphics_random_linesERNS_6windowEj
                0x0000000000000000      0x1ca hwlib.o
 .text._ZN5hwlib23graphics_random_circlesERNS_6windowEj
                0x0000000000000000       0xf4 hwlib.o
 .text._ZN5hwlib12dac_triangleERNS_3dacEj
                0x0000000000000000       0x6c hwlib.o
 .text._ZN5hwlib9uart_putcEc
                0x0000000000000000       0x58 hwlib.o
 .text._ZN5hwlib20cout_using_uart_putc4putcEc
                0x0000000000000000        0x6 hwlib.o
 .rodata._ZTVN5hwlib20cout_using_uart_putcE
                0x0000000000000000        0x8 hwlib.o
 .rodata._ZTVN5hwlib19cin_using_uart_getcE
                0x0000000000000000        0xa hwlib.o
 .rodata._ZTVN5hwlib23_pin_in_out_dummy_classE
                0x0000000000000000       0x10 hwlib.o
 .rodata._ZTVN5hwlib19_pin_in_dummy_classE
                0x0000000000000000        0x8 hwlib.o
 .rodata._ZTVN5hwlib20_pin_out_dummy_classE
                0x0000000000000000        0x8 hwlib.o
 .rodata._ZTVN5hwlib19_pin_oc_dummy_classE
                0x0000000000000000        0xc hwlib.o
 .rodata._ZTVN5hwlib9image_8x8E
                0x0000000000000000        0x6 hwlib.o
 .rodata._ZTVN5hwlib4lineE
                0x0000000000000000        0x6 hwlib.o
 .rodata._ZTVN5hwlib6circleE
                0x0000000000000000        0x6 hwlib.o
 .bss._ZGVZN5hwlib9uart_putcEcE3pin
                0x0000000000000000        0x8 hwlib.o
 .bss._ZZN5hwlib9uart_putcEcE3pin
                0x0000000000000000        0x5 hwlib.o
 .rodata._ZN3unoL14pin_info_arrayE
                0x0000000000000000       0x3a hwlib.o
 .bss._ZZN5hwlib4randEvE1n
                0x0000000000000000        0x4 hwlib.o
 .data._ZN5hwlib15font_16x16_dataE
                0x0000000000000000      0xbe4 hwlib.o
 .rodata._ZN5hwlib16font_default_8x86imagesE
                0x0000000000000000      0x700 hwlib.o
 .rodata._ZN5hwlibL11transparentE
                0x0000000000000000        0x4 hwlib.o
 .rodata._ZN5hwlibL5whiteE
                0x0000000000000000        0x4 hwlib.o
 .rodata._ZN5hwlibL5blackE
                0x0000000000000000        0x4 hwlib.o
 .data._ZN5hwlib12pin_oc_dummyE
                0x0000000000000000        0x2 hwlib.o
 .data._ZN5hwlib13pin_out_dummyE
                0x0000000000000000        0x2 hwlib.o
 .data._ZN5hwlib12pin_in_dummyE
                0x0000000000000000        0x2 hwlib.o
 .data._ZN5hwlib16pin_in_out_dummyE
                0x0000000000000000        0x2 hwlib.o
 .data._ZN5hwlib3cinE
                0x0000000000000000        0x2 hwlib.o
 .data._ZN5hwlib4coutE
                0x0000000000000000        0xc hwlib.o
 .group         0x0000000000000000        0x8 main.o
 .group         0x0000000000000000        0x8 main.o
 .group         0x0000000000000000        0x8 main.o
 .text          0x0000000000000000        0x0 main.o
 .data          0x0000000000000000        0x0 main.o
 .bss           0x0000000000000000        0x0 main.o
 .text._ZN5hwlib7pin_out5flushEv
                0x0000000000000000        0x2 main.o
 .text._ZN3uno7pin_out3setEbN5hwlib9bufferingE
                0x0000000000000000       0x20 main.o
 .rodata._ZN3uno8pin_infoENS_4pinsE.str1.1
                0x0000000000000000       0x27 main.o
 .text._ZN3uno8pin_infoENS_4pinsE
                0x0000000000000000       0x1c main.o
 .text._ZN3uno9port_dataEh
                0x0000000000000000       0x2a main.o
 .text._ZN3uno14port_directionEh
                0x0000000000000000       0x2a main.o
 .text._ZN3uno17configure_as_gpioEhh
                0x0000000000000000       0x20 main.o
 .rodata._ZTVN3uno7pin_outE
                0x0000000000000000        0x8 main.o
 .rodata._ZN3unoL14pin_info_arrayE
                0x0000000000000000       0x3a main.o
 .text          0x0000000000000000        0x0 bmptk_heap_none.o
 .data          0x0000000000000000        0x0 bmptk_heap_none.o
 .bss           0x0000000000000000        0x0 bmptk_heap_none.o
 .text.malloc   0x0000000000000000        0xa bmptk_heap_none.o
 .text.free     0x0000000000000000        0x4 bmptk_heap_none.o
 .comment       0x0000000000000000       0x12 bmptk_heap_none.o
 .text          0x0000000000000000        0x0 bmptk_fixed_size_stack.o
 .data          0x0000000000000000        0x0 bmptk_fixed_size_stack.o
 .bss           0x0000000000000000        0x0 bmptk_fixed_size_stack.o
 .bmptk_stack   0x0000000000000000      0x600 bmptk_fixed_size_stack.o
 .comment       0x0000000000000000       0x12 bmptk_fixed_size_stack.o
 .text          0x0000000000000000        0x0 c:/program files/avr-gcc-7.2.0-x64-mingw/bin/../lib/gcc/avr/7.2.0/avr5\libgcc.a(_mulsi3.o)
 .data          0x0000000000000000        0x0 c:/program files/avr-gcc-7.2.0-x64-mingw/bin/../lib/gcc/avr/7.2.0/avr5\libgcc.a(_mulsi3.o)
 .bss           0x0000000000000000        0x0 c:/program files/avr-gcc-7.2.0-x64-mingw/bin/../lib/gcc/avr/7.2.0/avr5\libgcc.a(_mulsi3.o)
 .text.libgcc.mul
                0x0000000000000000       0x20 c:/program files/avr-gcc-7.2.0-x64-mingw/bin/../lib/gcc/avr/7.2.0/avr5\libgcc.a(_mulsi3.o)
 .text.libgcc.div
                0x0000000000000000        0x0 c:/program files/avr-gcc-7.2.0-x64-mingw/bin/../lib/gcc/avr/7.2.0/avr5\libgcc.a(_mulsi3.o)
 .text.libgcc   0x0000000000000000        0x0 c:/program files/avr-gcc-7.2.0-x64-mingw/bin/../lib/gcc/avr/7.2.0/avr5\libgcc.a(_mulsi3.o)
 .text.libgcc.prologue
                0x0000000000000000        0x0 c:/program files/avr-gcc-7.2.0-x64-mingw/bin/../lib/gcc/avr/7.2.0/avr5\libgcc.a(_mulsi3.o)
 .text.libgcc.builtins
                0x0000000000000000        0x0 c:/program files/avr-gcc-7.2.0-x64-mingw/bin/../lib/gcc/avr/7.2.0/avr5\libgcc.a(_mulsi3.o)
 .text.libgcc.fmul
                0x0000000000000000        0x0 c:/program files/avr-gcc-7.2.0-x64-mingw/bin/../lib/gcc/avr/7.2.0/avr5\libgcc.a(_mulsi3.o)
 .text.libgcc.fixed
                0x0000000000000000        0x0 c:/program files/avr-gcc-7.2.0-x64-mingw/bin/../lib/gcc/avr/7.2.0/avr5\libgcc.a(_mulsi3.o)
 .debug_line    0x0000000000000000       0xaf c:/program files/avr-gcc-7.2.0-x64-mingw/bin/../lib/gcc/avr/7.2.0/avr5\libgcc.a(_mulsi3.o)
 .debug_info    0x0000000000000000       0x26 c:/program files/avr-gcc-7.2.0-x64-mingw/bin/../lib/gcc/avr/7.2.0/avr5\libgcc.a(_mulsi3.o)
 .debug_abbrev  0x0000000000000000       0x14 c:/program files/avr-gcc-7.2.0-x64-mingw/bin/../lib/gcc/avr/7.2.0/avr5\libgcc.a(_mulsi3.o)
 .debug_aranges
                0x0000000000000000       0x20 c:/program files/avr-gcc-7.2.0-x64-mingw/bin/../lib/gcc/avr/7.2.0/avr5\libgcc.a(_mulsi3.o)
 .debug_str     0x0000000000000000       0x5e c:/program files/avr-gcc-7.2.0-x64-mingw/bin/../lib/gcc/avr/7.2.0/avr5\libgcc.a(_mulsi3.o)
 .text          0x0000000000000000        0x0 c:/program files/avr-gcc-7.2.0-x64-mingw/bin/../lib/gcc/avr/7.2.0/avr5\libgcc.a(_udivmodsi4.o)
 .data          0x0000000000000000        0x0 c:/program files/avr-gcc-7.2.0-x64-mingw/bin/../lib/gcc/avr/7.2.0/avr5\libgcc.a(_udivmodsi4.o)
 .bss           0x0000000000000000        0x0 c:/program files/avr-gcc-7.2.0-x64-mingw/bin/../lib/gcc/avr/7.2.0/avr5\libgcc.a(_udivmodsi4.o)
 .text.libgcc.mul
                0x0000000000000000        0x0 c:/program files/avr-gcc-7.2.0-x64-mingw/bin/../lib/gcc/avr/7.2.0/avr5\libgcc.a(_udivmodsi4.o)
 .text.libgcc.div
                0x0000000000000000       0x44 c:/program files/avr-gcc-7.2.0-x64-mingw/bin/../lib/gcc/avr/7.2.0/avr5\libgcc.a(_udivmodsi4.o)
 .text.libgcc   0x0000000000000000        0x0 c:/program files/avr-gcc-7.2.0-x64-mingw/bin/../lib/gcc/avr/7.2.0/avr5\libgcc.a(_udivmodsi4.o)
 .text.libgcc.prologue
                0x0000000000000000        0x0 c:/program files/avr-gcc-7.2.0-x64-mingw/bin/../lib/gcc/avr/7.2.0/avr5\libgcc.a(_udivmodsi4.o)
 .text.libgcc.builtins
                0x0000000000000000        0x0 c:/program files/avr-gcc-7.2.0-x64-mingw/bin/../lib/gcc/avr/7.2.0/avr5\libgcc.a(_udivmodsi4.o)
 .text.libgcc.fmul
                0x0000000000000000        0x0 c:/program files/avr-gcc-7.2.0-x64-mingw/bin/../lib/gcc/avr/7.2.0/avr5\libgcc.a(_udivmodsi4.o)
 .text.libgcc.fixed
                0x0000000000000000        0x0 c:/program files/avr-gcc-7.2.0-x64-mingw/bin/../lib/gcc/avr/7.2.0/avr5\libgcc.a(_udivmodsi4.o)
 .debug_line    0x0000000000000000      0x121 c:/program files/avr-gcc-7.2.0-x64-mingw/bin/../lib/gcc/avr/7.2.0/avr5\libgcc.a(_udivmodsi4.o)
 .debug_info    0x0000000000000000       0x26 c:/program files/avr-gcc-7.2.0-x64-mingw/bin/../lib/gcc/avr/7.2.0/avr5\libgcc.a(_udivmodsi4.o)
 .debug_abbrev  0x0000000000000000       0x14 c:/program files/avr-gcc-7.2.0-x64-mingw/bin/../lib/gcc/avr/7.2.0/avr5\libgcc.a(_udivmodsi4.o)
 .debug_aranges
                0x0000000000000000       0x20 c:/program files/avr-gcc-7.2.0-x64-mingw/bin/../lib/gcc/avr/7.2.0/avr5\libgcc.a(_udivmodsi4.o)
 .debug_str     0x0000000000000000       0x5e c:/program files/avr-gcc-7.2.0-x64-mingw/bin/../lib/gcc/avr/7.2.0/avr5\libgcc.a(_udivmodsi4.o)
 .text          0x0000000000000000        0x0 c:/program files/avr-gcc-7.2.0-x64-mingw/bin/../lib/gcc/avr/7.2.0/avr5\libgcc.a(_divmodsi4.o)
 .data          0x0000000000000000        0x0 c:/program files/avr-gcc-7.2.0-x64-mingw/bin/../lib/gcc/avr/7.2.0/avr5\libgcc.a(_divmodsi4.o)
 .bss           0x0000000000000000        0x0 c:/program files/avr-gcc-7.2.0-x64-mingw/bin/../lib/gcc/avr/7.2.0/avr5\libgcc.a(_divmodsi4.o)
 .text.libgcc.mul
                0x0000000000000000        0x0 c:/program files/avr-gcc-7.2.0-x64-mingw/bin/../lib/gcc/avr/7.2.0/avr5\libgcc.a(_divmodsi4.o)
 .text.libgcc.div
                0x0000000000000000       0x2e c:/program files/avr-gcc-7.2.0-x64-mingw/bin/../lib/gcc/avr/7.2.0/avr5\libgcc.a(_divmodsi4.o)
 .text.libgcc   0x0000000000000000        0x0 c:/program files/avr-gcc-7.2.0-x64-mingw/bin/../lib/gcc/avr/7.2.0/avr5\libgcc.a(_divmodsi4.o)
 .text.libgcc.prologue
                0x0000000000000000        0x0 c:/program files/avr-gcc-7.2.0-x64-mingw/bin/../lib/gcc/avr/7.2.0/avr5\libgcc.a(_divmodsi4.o)
 .text.libgcc.builtins
                0x0000000000000000        0x0 c:/program files/avr-gcc-7.2.0-x64-mingw/bin/../lib/gcc/avr/7.2.0/avr5\libgcc.a(_divmodsi4.o)
 .text.libgcc.fmul
                0x0000000000000000        0x0 c:/program files/avr-gcc-7.2.0-x64-mingw/bin/../lib/gcc/avr/7.2.0/avr5\libgcc.a(_divmodsi4.o)
 .text.libgcc.fixed
                0x0000000000000000        0x0 c:/program files/avr-gcc-7.2.0-x64-mingw/bin/../lib/gcc/avr/7.2.0/avr5\libgcc.a(_divmodsi4.o)
 .debug_line    0x0000000000000000       0xcd c:/program files/avr-gcc-7.2.0-x64-mingw/bin/../lib/gcc/avr/7.2.0/avr5\libgcc.a(_divmodsi4.o)
 .debug_info    0x0000000000000000       0x26 c:/program files/avr-gcc-7.2.0-x64-mingw/bin/../lib/gcc/avr/7.2.0/avr5\libgcc.a(_divmodsi4.o)
 .debug_abbrev  0x0000000000000000       0x14 c:/program files/avr-gcc-7.2.0-x64-mingw/bin/../lib/gcc/avr/7.2.0/avr5\libgcc.a(_divmodsi4.o)
 .debug_aranges
                0x0000000000000000       0x20 c:/program files/avr-gcc-7.2.0-x64-mingw/bin/../lib/gcc/avr/7.2.0/avr5\libgcc.a(_divmodsi4.o)
 .debug_str     0x0000000000000000       0x5e c:/program files/avr-gcc-7.2.0-x64-mingw/bin/../lib/gcc/avr/7.2.0/avr5\libgcc.a(_divmodsi4.o)
 .text          0x0000000000000000        0x0 c:/program files/avr-gcc-7.2.0-x64-mingw/bin/../lib/gcc/avr/7.2.0/avr5\libgcc.a(_negsi2.o)
 .data          0x0000000000000000        0x0 c:/program files/avr-gcc-7.2.0-x64-mingw/bin/../lib/gcc/avr/7.2.0/avr5\libgcc.a(_negsi2.o)
 .bss           0x0000000000000000        0x0 c:/program files/avr-gcc-7.2.0-x64-mingw/bin/../lib/gcc/avr/7.2.0/avr5\libgcc.a(_negsi2.o)
 .text.libgcc.mul
                0x0000000000000000        0x0 c:/program files/avr-gcc-7.2.0-x64-mingw/bin/../lib/gcc/avr/7.2.0/avr5\libgcc.a(_negsi2.o)
 .text.libgcc.div
                0x0000000000000000       0x10 c:/program files/avr-gcc-7.2.0-x64-mingw/bin/../lib/gcc/avr/7.2.0/avr5\libgcc.a(_negsi2.o)
 .text.libgcc   0x0000000000000000        0x0 c:/program files/avr-gcc-7.2.0-x64-mingw/bin/../lib/gcc/avr/7.2.0/avr5\libgcc.a(_negsi2.o)
 .text.libgcc.prologue
                0x0000000000000000        0x0 c:/program files/avr-gcc-7.2.0-x64-mingw/bin/../lib/gcc/avr/7.2.0/avr5\libgcc.a(_negsi2.o)
 .text.libgcc.builtins
                0x0000000000000000        0x0 c:/program files/avr-gcc-7.2.0-x64-mingw/bin/../lib/gcc/avr/7.2.0/avr5\libgcc.a(_negsi2.o)
 .text.libgcc.fmul
                0x0000000000000000        0x0 c:/program files/avr-gcc-7.2.0-x64-mingw/bin/../lib/gcc/avr/7.2.0/avr5\libgcc.a(_negsi2.o)
 .text.libgcc.fixed
                0x0000000000000000        0x0 c:/program files/avr-gcc-7.2.0-x64-mingw/bin/../lib/gcc/avr/7.2.0/avr5\libgcc.a(_negsi2.o)
 .debug_line    0x0000000000000000       0x61 c:/program files/avr-gcc-7.2.0-x64-mingw/bin/../lib/gcc/avr/7.2.0/avr5\libgcc.a(_negsi2.o)
 .debug_info    0x0000000000000000       0x26 c:/program files/avr-gcc-7.2.0-x64-mingw/bin/../lib/gcc/avr/7.2.0/avr5\libgcc.a(_negsi2.o)
 .debug_abbrev  0x0000000000000000       0x14 c:/program files/avr-gcc-7.2.0-x64-mingw/bin/../lib/gcc/avr/7.2.0/avr5\libgcc.a(_negsi2.o)
 .debug_aranges
                0x0000000000000000       0x20 c:/program files/avr-gcc-7.2.0-x64-mingw/bin/../lib/gcc/avr/7.2.0/avr5\libgcc.a(_negsi2.o)
 .debug_str     0x0000000000000000       0x5e c:/program files/avr-gcc-7.2.0-x64-mingw/bin/../lib/gcc/avr/7.2.0/avr5\libgcc.a(_negsi2.o)
 .text          0x0000000000000000        0x0 c:/program files/avr-gcc-7.2.0-x64-mingw/bin/../lib/gcc/avr/7.2.0/avr5\libgcc.a(_copy_data.o)
 .data          0x0000000000000000        0x0 c:/program files/avr-gcc-7.2.0-x64-mingw/bin/../lib/gcc/avr/7.2.0/avr5\libgcc.a(_copy_data.o)
 .bss           0x0000000000000000        0x0 c:/program files/avr-gcc-7.2.0-x64-mingw/bin/../lib/gcc/avr/7.2.0/avr5\libgcc.a(_copy_data.o)
 .text.libgcc.mul
                0x0000000000000000        0x0 c:/program files/avr-gcc-7.2.0-x64-mingw/bin/../lib/gcc/avr/7.2.0/avr5\libgcc.a(_copy_data.o)
 .text.libgcc.div
                0x0000000000000000        0x0 c:/program files/avr-gcc-7.2.0-x64-mingw/bin/../lib/gcc/avr/7.2.0/avr5\libgcc.a(_copy_data.o)
 .text.libgcc   0x0000000000000000        0x0 c:/program files/avr-gcc-7.2.0-x64-mingw/bin/../lib/gcc/avr/7.2.0/avr5\libgcc.a(_copy_data.o)
 .text.libgcc.prologue
                0x0000000000000000        0x0 c:/program files/avr-gcc-7.2.0-x64-mingw/bin/../lib/gcc/avr/7.2.0/avr5\libgcc.a(_copy_data.o)
 .text.libgcc.builtins
                0x0000000000000000        0x0 c:/program files/avr-gcc-7.2.0-x64-mingw/bin/../lib/gcc/avr/7.2.0/avr5\libgcc.a(_copy_data.o)
 .text.libgcc.fmul
                0x0000000000000000        0x0 c:/program files/avr-gcc-7.2.0-x64-mingw/bin/../lib/gcc/avr/7.2.0/avr5\libgcc.a(_copy_data.o)
 .text.libgcc.fixed
                0x0000000000000000        0x0 c:/program files/avr-gcc-7.2.0-x64-mingw/bin/../lib/gcc/avr/7.2.0/avr5\libgcc.a(_copy_data.o)
 .text          0x0000000000000000        0x0 c:/program files/avr-gcc-7.2.0-x64-mingw/bin/../lib/gcc/avr/7.2.0/avr5\libgcc.a(_clear_bss.o)
 .data          0x0000000000000000        0x0 c:/program files/avr-gcc-7.2.0-x64-mingw/bin/../lib/gcc/avr/7.2.0/avr5\libgcc.a(_clear_bss.o)
 .bss           0x0000000000000000        0x0 c:/program files/avr-gcc-7.2.0-x64-mingw/bin/../lib/gcc/avr/7.2.0/avr5\libgcc.a(_clear_bss.o)
 .text.libgcc.mul
                0x0000000000000000        0x0 c:/program files/avr-gcc-7.2.0-x64-mingw/bin/../lib/gcc/avr/7.2.0/avr5\libgcc.a(_clear_bss.o)
 .text.libgcc.div
                0x0000000000000000        0x0 c:/program files/avr-gcc-7.2.0-x64-mingw/bin/../lib/gcc/avr/7.2.0/avr5\libgcc.a(_clear_bss.o)
 .text.libgcc   0x0000000000000000        0x0 c:/program files/avr-gcc-7.2.0-x64-mingw/bin/../lib/gcc/avr/7.2.0/avr5\libgcc.a(_clear_bss.o)
 .text.libgcc.prologue
                0x0000000000000000        0x0 c:/program files/avr-gcc-7.2.0-x64-mingw/bin/../lib/gcc/avr/7.2.0/avr5\libgcc.a(_clear_bss.o)
 .text.libgcc.builtins
                0x0000000000000000        0x0 c:/program files/avr-gcc-7.2.0-x64-mingw/bin/../lib/gcc/avr/7.2.0/avr5\libgcc.a(_clear_bss.o)
 .text.libgcc.fmul
                0x0000000000000000        0x0 c:/program files/avr-gcc-7.2.0-x64-mingw/bin/../lib/gcc/avr/7.2.0/avr5\libgcc.a(_clear_bss.o)
 .text.libgcc.fixed
                0x0000000000000000        0x0 c:/program files/avr-gcc-7.2.0-x64-mingw/bin/../lib/gcc/avr/7.2.0/avr5\libgcc.a(_clear_bss.o)
 .text          0x0000000000000000        0x0 c:/program files/avr-gcc-7.2.0-x64-mingw/bin/../lib/gcc/avr/7.2.0/avr5\libgcc.a(_muluhisi3.o)
 .data          0x0000000000000000        0x0 c:/program files/avr-gcc-7.2.0-x64-mingw/bin/../lib/gcc/avr/7.2.0/avr5\libgcc.a(_muluhisi3.o)
 .bss           0x0000000000000000        0x0 c:/program files/avr-gcc-7.2.0-x64-mingw/bin/../lib/gcc/avr/7.2.0/avr5\libgcc.a(_muluhisi3.o)
 .text.libgcc.mul
                0x0000000000000000       0x16 c:/program files/avr-gcc-7.2.0-x64-mingw/bin/../lib/gcc/avr/7.2.0/avr5\libgcc.a(_muluhisi3.o)
 .text.libgcc.div
                0x0000000000000000        0x0 c:/program files/avr-gcc-7.2.0-x64-mingw/bin/../lib/gcc/avr/7.2.0/avr5\libgcc.a(_muluhisi3.o)
 .text.libgcc   0x0000000000000000        0x0 c:/program files/avr-gcc-7.2.0-x64-mingw/bin/../lib/gcc/avr/7.2.0/avr5\libgcc.a(_muluhisi3.o)
 .text.libgcc.prologue
                0x0000000000000000        0x0 c:/program files/avr-gcc-7.2.0-x64-mingw/bin/../lib/gcc/avr/7.2.0/avr5\libgcc.a(_muluhisi3.o)
 .text.libgcc.builtins
                0x0000000000000000        0x0 c:/program files/avr-gcc-7.2.0-x64-mingw/bin/../lib/gcc/avr/7.2.0/avr5\libgcc.a(_muluhisi3.o)
 .text.libgcc.fmul
                0x0000000000000000        0x0 c:/program files/avr-gcc-7.2.0-x64-mingw/bin/../lib/gcc/avr/7.2.0/avr5\libgcc.a(_muluhisi3.o)
 .text.libgcc.fixed
                0x0000000000000000        0x0 c:/program files/avr-gcc-7.2.0-x64-mingw/bin/../lib/gcc/avr/7.2.0/avr5\libgcc.a(_muluhisi3.o)
 .debug_line    0x0000000000000000       0x91 c:/program files/avr-gcc-7.2.0-x64-mingw/bin/../lib/gcc/avr/7.2.0/avr5\libgcc.a(_muluhisi3.o)
 .debug_info    0x0000000000000000       0x26 c:/program files/avr-gcc-7.2.0-x64-mingw/bin/../lib/gcc/avr/7.2.0/avr5\libgcc.a(_muluhisi3.o)
 .debug_abbrev  0x0000000000000000       0x14 c:/program files/avr-gcc-7.2.0-x64-mingw/bin/../lib/gcc/avr/7.2.0/avr5\libgcc.a(_muluhisi3.o)
 .debug_aranges
                0x0000000000000000       0x20 c:/program files/avr-gcc-7.2.0-x64-mingw/bin/../lib/gcc/avr/7.2.0/avr5\libgcc.a(_muluhisi3.o)
 .debug_str     0x0000000000000000       0x5e c:/program files/avr-gcc-7.2.0-x64-mingw/bin/../lib/gcc/avr/7.2.0/avr5\libgcc.a(_muluhisi3.o)
 .text          0x0000000000000000        0x0 c:/program files/avr-gcc-7.2.0-x64-mingw/bin/../lib/gcc/avr/7.2.0/avr5\libgcc.a(_divdi3.o)
 .data          0x0000000000000000        0x0 c:/program files/avr-gcc-7.2.0-x64-mingw/bin/../lib/gcc/avr/7.2.0/avr5\libgcc.a(_divdi3.o)
 .bss           0x0000000000000000        0x0 c:/program files/avr-gcc-7.2.0-x64-mingw/bin/../lib/gcc/avr/7.2.0/avr5\libgcc.a(_divdi3.o)
 .text.libgcc.mul
                0x0000000000000000        0x0 c:/program files/avr-gcc-7.2.0-x64-mingw/bin/../lib/gcc/avr/7.2.0/avr5\libgcc.a(_divdi3.o)
 .text.libgcc.div
                0x0000000000000000       0x62 c:/program files/avr-gcc-7.2.0-x64-mingw/bin/../lib/gcc/avr/7.2.0/avr5\libgcc.a(_divdi3.o)
 .text.libgcc   0x0000000000000000        0x0 c:/program files/avr-gcc-7.2.0-x64-mingw/bin/../lib/gcc/avr/7.2.0/avr5\libgcc.a(_divdi3.o)
 .text.libgcc.prologue
                0x0000000000000000        0x0 c:/program files/avr-gcc-7.2.0-x64-mingw/bin/../lib/gcc/avr/7.2.0/avr5\libgcc.a(_divdi3.o)
 .text.libgcc.builtins
                0x0000000000000000        0x0 c:/program files/avr-gcc-7.2.0-x64-mingw/bin/../lib/gcc/avr/7.2.0/avr5\libgcc.a(_divdi3.o)
 .text.libgcc.fmul
                0x0000000000000000        0x0 c:/program files/avr-gcc-7.2.0-x64-mingw/bin/../lib/gcc/avr/7.2.0/avr5\libgcc.a(_divdi3.o)
 .text.libgcc.fixed
                0x0000000000000000        0x0 c:/program files/avr-gcc-7.2.0-x64-mingw/bin/../lib/gcc/avr/7.2.0/avr5\libgcc.a(_divdi3.o)
 .debug_line    0x0000000000000000       0xf1 c:/program files/avr-gcc-7.2.0-x64-mingw/bin/../lib/gcc/avr/7.2.0/avr5\libgcc.a(_divdi3.o)
 .debug_info    0x0000000000000000       0x26 c:/program files/avr-gcc-7.2.0-x64-mingw/bin/../lib/gcc/avr/7.2.0/avr5\libgcc.a(_divdi3.o)
 .debug_abbrev  0x0000000000000000       0x14 c:/program files/avr-gcc-7.2.0-x64-mingw/bin/../lib/gcc/avr/7.2.0/avr5\libgcc.a(_divdi3.o)
 .debug_aranges
                0x0000000000000000       0x20 c:/program files/avr-gcc-7.2.0-x64-mingw/bin/../lib/gcc/avr/7.2.0/avr5\libgcc.a(_divdi3.o)
 .debug_str     0x0000000000000000       0x5e c:/program files/avr-gcc-7.2.0-x64-mingw/bin/../lib/gcc/avr/7.2.0/avr5\libgcc.a(_divdi3.o)
 .text          0x0000000000000000        0x0 c:/program files/avr-gcc-7.2.0-x64-mingw/bin/../lib/gcc/avr/7.2.0/avr5\libgcc.a(_udivdi3.o)
 .data          0x0000000000000000        0x0 c:/program files/avr-gcc-7.2.0-x64-mingw/bin/../lib/gcc/avr/7.2.0/avr5\libgcc.a(_udivdi3.o)
 .bss           0x0000000000000000        0x0 c:/program files/avr-gcc-7.2.0-x64-mingw/bin/../lib/gcc/avr/7.2.0/avr5\libgcc.a(_udivdi3.o)
 .text.libgcc.mul
                0x0000000000000000        0x0 c:/program files/avr-gcc-7.2.0-x64-mingw/bin/../lib/gcc/avr/7.2.0/avr5\libgcc.a(_udivdi3.o)
 .text.libgcc.div
                0x0000000000000000       0x1c c:/program files/avr-gcc-7.2.0-x64-mingw/bin/../lib/gcc/avr/7.2.0/avr5\libgcc.a(_udivdi3.o)
 .text.libgcc   0x0000000000000000        0x0 c:/program files/avr-gcc-7.2.0-x64-mingw/bin/../lib/gcc/avr/7.2.0/avr5\libgcc.a(_udivdi3.o)
 .text.libgcc.prologue
                0x0000000000000000        0x0 c:/program files/avr-gcc-7.2.0-x64-mingw/bin/../lib/gcc/avr/7.2.0/avr5\libgcc.a(_udivdi3.o)
 .text.libgcc.builtins
                0x0000000000000000        0x0 c:/program files/avr-gcc-7.2.0-x64-mingw/bin/../lib/gcc/avr/7.2.0/avr5\libgcc.a(_udivdi3.o)
 .text.libgcc.fmul
                0x0000000000000000        0x0 c:/program files/avr-gcc-7.2.0-x64-mingw/bin/../lib/gcc/avr/7.2.0/avr5\libgcc.a(_udivdi3.o)
 .text.libgcc.fixed
                0x0000000000000000        0x0 c:/program files/avr-gcc-7.2.0-x64-mingw/bin/../lib/gcc/avr/7.2.0/avr5\libgcc.a(_udivdi3.o)
 .debug_line    0x0000000000000000       0xa3 c:/program files/avr-gcc-7.2.0-x64-mingw/bin/../lib/gcc/avr/7.2.0/avr5\libgcc.a(_udivdi3.o)
 .debug_info    0x0000000000000000       0x26 c:/program files/avr-gcc-7.2.0-x64-mingw/bin/../lib/gcc/avr/7.2.0/avr5\libgcc.a(_udivdi3.o)
 .debug_abbrev  0x0000000000000000       0x14 c:/program files/avr-gcc-7.2.0-x64-mingw/bin/../lib/gcc/avr/7.2.0/avr5\libgcc.a(_udivdi3.o)
 .debug_aranges
                0x0000000000000000       0x20 c:/program files/avr-gcc-7.2.0-x64-mingw/bin/../lib/gcc/avr/7.2.0/avr5\libgcc.a(_udivdi3.o)
 .debug_str     0x0000000000000000       0x5e c:/program files/avr-gcc-7.2.0-x64-mingw/bin/../lib/gcc/avr/7.2.0/avr5\libgcc.a(_udivdi3.o)
 .text          0x0000000000000000        0x0 c:/program files/avr-gcc-7.2.0-x64-mingw/bin/../lib/gcc/avr/7.2.0/avr5\libgcc.a(_udivmod64.o)
 .data          0x0000000000000000        0x0 c:/program files/avr-gcc-7.2.0-x64-mingw/bin/../lib/gcc/avr/7.2.0/avr5\libgcc.a(_udivmod64.o)
 .bss           0x0000000000000000        0x0 c:/program files/avr-gcc-7.2.0-x64-mingw/bin/../lib/gcc/avr/7.2.0/avr5\libgcc.a(_udivmod64.o)
 .text.libgcc.mul
                0x0000000000000000        0x0 c:/program files/avr-gcc-7.2.0-x64-mingw/bin/../lib/gcc/avr/7.2.0/avr5\libgcc.a(_udivmod64.o)
 .text.libgcc.div
                0x0000000000000000       0xa2 c:/program files/avr-gcc-7.2.0-x64-mingw/bin/../lib/gcc/avr/7.2.0/avr5\libgcc.a(_udivmod64.o)
 .text.libgcc   0x0000000000000000        0x0 c:/program files/avr-gcc-7.2.0-x64-mingw/bin/../lib/gcc/avr/7.2.0/avr5\libgcc.a(_udivmod64.o)
 .text.libgcc.prologue
                0x0000000000000000        0x0 c:/program files/avr-gcc-7.2.0-x64-mingw/bin/../lib/gcc/avr/7.2.0/avr5\libgcc.a(_udivmod64.o)
 .text.libgcc.builtins
                0x0000000000000000        0x0 c:/program files/avr-gcc-7.2.0-x64-mingw/bin/../lib/gcc/avr/7.2.0/avr5\libgcc.a(_udivmod64.o)
 .text.libgcc.fmul
                0x0000000000000000        0x0 c:/program files/avr-gcc-7.2.0-x64-mingw/bin/../lib/gcc/avr/7.2.0/avr5\libgcc.a(_udivmod64.o)
 .text.libgcc.fixed
                0x0000000000000000        0x0 c:/program files/avr-gcc-7.2.0-x64-mingw/bin/../lib/gcc/avr/7.2.0/avr5\libgcc.a(_udivmod64.o)
 .debug_line    0x0000000000000000      0x145 c:/program files/avr-gcc-7.2.0-x64-mingw/bin/../lib/gcc/avr/7.2.0/avr5\libgcc.a(_udivmod64.o)
 .debug_info    0x0000000000000000       0x26 c:/program files/avr-gcc-7.2.0-x64-mingw/bin/../lib/gcc/avr/7.2.0/avr5\libgcc.a(_udivmod64.o)
 .debug_abbrev  0x0000000000000000       0x14 c:/program files/avr-gcc-7.2.0-x64-mingw/bin/../lib/gcc/avr/7.2.0/avr5\libgcc.a(_udivmod64.o)
 .debug_aranges
                0x0000000000000000       0x20 c:/program files/avr-gcc-7.2.0-x64-mingw/bin/../lib/gcc/avr/7.2.0/avr5\libgcc.a(_udivmod64.o)
 .debug_str     0x0000000000000000       0x5e c:/program files/avr-gcc-7.2.0-x64-mingw/bin/../lib/gcc/avr/7.2.0/avr5\libgcc.a(_udivmod64.o)
 .text          0x0000000000000000        0x0 c:/program files/avr-gcc-7.2.0-x64-mingw/bin/../lib/gcc/avr/7.2.0/avr5\libgcc.a(_negdi2.o)
 .data          0x0000000000000000        0x0 c:/program files/avr-gcc-7.2.0-x64-mingw/bin/../lib/gcc/avr/7.2.0/avr5\libgcc.a(_negdi2.o)
 .bss           0x0000000000000000        0x0 c:/program files/avr-gcc-7.2.0-x64-mingw/bin/../lib/gcc/avr/7.2.0/avr5\libgcc.a(_negdi2.o)
 .text.libgcc.mul
                0x0000000000000000        0x0 c:/program files/avr-gcc-7.2.0-x64-mingw/bin/../lib/gcc/avr/7.2.0/avr5\libgcc.a(_negdi2.o)
 .text.libgcc.div
                0x0000000000000000        0x0 c:/program files/avr-gcc-7.2.0-x64-mingw/bin/../lib/gcc/avr/7.2.0/avr5\libgcc.a(_negdi2.o)
 .text.libgcc   0x0000000000000000       0x20 c:/program files/avr-gcc-7.2.0-x64-mingw/bin/../lib/gcc/avr/7.2.0/avr5\libgcc.a(_negdi2.o)
 .text.libgcc.prologue
                0x0000000000000000        0x0 c:/program files/avr-gcc-7.2.0-x64-mingw/bin/../lib/gcc/avr/7.2.0/avr5\libgcc.a(_negdi2.o)
 .text.libgcc.builtins
                0x0000000000000000        0x0 c:/program files/avr-gcc-7.2.0-x64-mingw/bin/../lib/gcc/avr/7.2.0/avr5\libgcc.a(_negdi2.o)
 .text.libgcc.fmul
                0x0000000000000000        0x0 c:/program files/avr-gcc-7.2.0-x64-mingw/bin/../lib/gcc/avr/7.2.0/avr5\libgcc.a(_negdi2.o)
 .text.libgcc.fixed
                0x0000000000000000        0x0 c:/program files/avr-gcc-7.2.0-x64-mingw/bin/../lib/gcc/avr/7.2.0/avr5\libgcc.a(_negdi2.o)
 .debug_line    0x0000000000000000       0x79 c:/program files/avr-gcc-7.2.0-x64-mingw/bin/../lib/gcc/avr/7.2.0/avr5\libgcc.a(_negdi2.o)
 .debug_info    0x0000000000000000       0x26 c:/program files/avr-gcc-7.2.0-x64-mingw/bin/../lib/gcc/avr/7.2.0/avr5\libgcc.a(_negdi2.o)
 .debug_abbrev  0x0000000000000000       0x14 c:/program files/avr-gcc-7.2.0-x64-mingw/bin/../lib/gcc/avr/7.2.0/avr5\libgcc.a(_negdi2.o)
 .debug_aranges
                0x0000000000000000       0x20 c:/program files/avr-gcc-7.2.0-x64-mingw/bin/../lib/gcc/avr/7.2.0/avr5\libgcc.a(_negdi2.o)
 .debug_str     0x0000000000000000       0x5e c:/program files/avr-gcc-7.2.0-x64-mingw/bin/../lib/gcc/avr/7.2.0/avr5\libgcc.a(_negdi2.o)
 .text          0x0000000000000000        0x0 c:/program files/avr-gcc-7.2.0-x64-mingw/bin/../lib/gcc/avr/7.2.0/avr5\libgcc.a(_prologue.o)
 .data          0x0000000000000000        0x0 c:/program files/avr-gcc-7.2.0-x64-mingw/bin/../lib/gcc/avr/7.2.0/avr5\libgcc.a(_prologue.o)
 .bss           0x0000000000000000        0x0 c:/program files/avr-gcc-7.2.0-x64-mingw/bin/../lib/gcc/avr/7.2.0/avr5\libgcc.a(_prologue.o)
 .text.libgcc.mul
                0x0000000000000000        0x0 c:/program files/avr-gcc-7.2.0-x64-mingw/bin/../lib/gcc/avr/7.2.0/avr5\libgcc.a(_prologue.o)
 .text.libgcc.div
                0x0000000000000000        0x0 c:/program files/avr-gcc-7.2.0-x64-mingw/bin/../lib/gcc/avr/7.2.0/avr5\libgcc.a(_prologue.o)
 .text.libgcc   0x0000000000000000        0x0 c:/program files/avr-gcc-7.2.0-x64-mingw/bin/../lib/gcc/avr/7.2.0/avr5\libgcc.a(_prologue.o)
 .text.libgcc.prologue
                0x0000000000000000       0x38 c:/program files/avr-gcc-7.2.0-x64-mingw/bin/../lib/gcc/avr/7.2.0/avr5\libgcc.a(_prologue.o)
 .text.libgcc.builtins
                0x0000000000000000        0x0 c:/program files/avr-gcc-7.2.0-x64-mingw/bin/../lib/gcc/avr/7.2.0/avr5\libgcc.a(_prologue.o)
 .text.libgcc.fmul
                0x0000000000000000        0x0 c:/program files/avr-gcc-7.2.0-x64-mingw/bin/../lib/gcc/avr/7.2.0/avr5\libgcc.a(_prologue.o)
 .text.libgcc.fixed
                0x0000000000000000        0x0 c:/program files/avr-gcc-7.2.0-x64-mingw/bin/../lib/gcc/avr/7.2.0/avr5\libgcc.a(_prologue.o)
 .debug_line    0x0000000000000000       0xfd c:/program files/avr-gcc-7.2.0-x64-mingw/bin/../lib/gcc/avr/7.2.0/avr5\libgcc.a(_prologue.o)
 .debug_info    0x0000000000000000       0x26 c:/program files/avr-gcc-7.2.0-x64-mingw/bin/../lib/gcc/avr/7.2.0/avr5\libgcc.a(_prologue.o)
 .debug_abbrev  0x0000000000000000       0x14 c:/program files/avr-gcc-7.2.0-x64-mingw/bin/../lib/gcc/avr/7.2.0/avr5\libgcc.a(_prologue.o)
 .debug_aranges
                0x0000000000000000       0x20 c:/program files/avr-gcc-7.2.0-x64-mingw/bin/../lib/gcc/avr/7.2.0/avr5\libgcc.a(_prologue.o)
 .debug_str     0x0000000000000000       0x5e c:/program files/avr-gcc-7.2.0-x64-mingw/bin/../lib/gcc/avr/7.2.0/avr5\libgcc.a(_prologue.o)
 .text          0x0000000000000000        0x0 c:/program files/avr-gcc-7.2.0-x64-mingw/bin/../lib/gcc/avr/7.2.0/avr5\libgcc.a(_epilogue.o)
 .data          0x0000000000000000        0x0 c:/program files/avr-gcc-7.2.0-x64-mingw/bin/../lib/gcc/avr/7.2.0/avr5\libgcc.a(_epilogue.o)
 .bss           0x0000000000000000        0x0 c:/program files/avr-gcc-7.2.0-x64-mingw/bin/../lib/gcc/avr/7.2.0/avr5\libgcc.a(_epilogue.o)
 .text.libgcc.mul
                0x0000000000000000        0x0 c:/program files/avr-gcc-7.2.0-x64-mingw/bin/../lib/gcc/avr/7.2.0/avr5\libgcc.a(_epilogue.o)
 .text.libgcc.div
                0x0000000000000000        0x0 c:/program files/avr-gcc-7.2.0-x64-mingw/bin/../lib/gcc/avr/7.2.0/avr5\libgcc.a(_epilogue.o)
 .text.libgcc   0x0000000000000000        0x0 c:/program files/avr-gcc-7.2.0-x64-mingw/bin/../lib/gcc/avr/7.2.0/avr5\libgcc.a(_epilogue.o)
 .text.libgcc.prologue
                0x0000000000000000       0x36 c:/program files/avr-gcc-7.2.0-x64-mingw/bin/../lib/gcc/avr/7.2.0/avr5\libgcc.a(_epilogue.o)
 .text.libgcc.builtins
                0x0000000000000000        0x0 c:/program files/avr-gcc-7.2.0-x64-mingw/bin/../lib/gcc/avr/7.2.0/avr5\libgcc.a(_epilogue.o)
 .text.libgcc.fmul
                0x0000000000000000        0x0 c:/program files/avr-gcc-7.2.0-x64-mingw/bin/../lib/gcc/avr/7.2.0/avr5\libgcc.a(_epilogue.o)
 .text.libgcc.fixed
                0x0000000000000000        0x0 c:/program files/avr-gcc-7.2.0-x64-mingw/bin/../lib/gcc/avr/7.2.0/avr5\libgcc.a(_epilogue.o)
 .debug_line    0x0000000000000000       0xf7 c:/program files/avr-gcc-7.2.0-x64-mingw/bin/../lib/gcc/avr/7.2.0/avr5\libgcc.a(_epilogue.o)
 .debug_info    0x0000000000000000       0x26 c:/program files/avr-gcc-7.2.0-x64-mingw/bin/../lib/gcc/avr/7.2.0/avr5\libgcc.a(_epilogue.o)
 .debug_abbrev  0x0000000000000000       0x14 c:/program files/avr-gcc-7.2.0-x64-mingw/bin/../lib/gcc/avr/7.2.0/avr5\libgcc.a(_epilogue.o)
 .debug_aranges
                0x0000000000000000       0x20 c:/program files/avr-gcc-7.2.0-x64-mingw/bin/../lib/gcc/avr/7.2.0/avr5\libgcc.a(_epilogue.o)
 .debug_str     0x0000000000000000       0x5e c:/program files/avr-gcc-7.2.0-x64-mingw/bin/../lib/gcc/avr/7.2.0/avr5\libgcc.a(_epilogue.o)
 .text          0x0000000000000000        0x0 c:/program files/avr-gcc-7.2.0-x64-mingw/bin/../lib/gcc/avr/7.2.0/avr5\libgcc.a(_cmpdi2.o)
 .data          0x0000000000000000        0x0 c:/program files/avr-gcc-7.2.0-x64-mingw/bin/../lib/gcc/avr/7.2.0/avr5\libgcc.a(_cmpdi2.o)
 .bss           0x0000000000000000        0x0 c:/program files/avr-gcc-7.2.0-x64-mingw/bin/../lib/gcc/avr/7.2.0/avr5\libgcc.a(_cmpdi2.o)
 .text.libgcc.mul
                0x0000000000000000        0x0 c:/program files/avr-gcc-7.2.0-x64-mingw/bin/../lib/gcc/avr/7.2.0/avr5\libgcc.a(_cmpdi2.o)
 .text.libgcc.div
                0x0000000000000000        0x0 c:/program files/avr-gcc-7.2.0-x64-mingw/bin/../lib/gcc/avr/7.2.0/avr5\libgcc.a(_cmpdi2.o)
 .text.libgcc   0x0000000000000000       0x12 c:/program files/avr-gcc-7.2.0-x64-mingw/bin/../lib/gcc/avr/7.2.0/avr5\libgcc.a(_cmpdi2.o)
 .text.libgcc.prologue
                0x0000000000000000        0x0 c:/program files/avr-gcc-7.2.0-x64-mingw/bin/../lib/gcc/avr/7.2.0/avr5\libgcc.a(_cmpdi2.o)
 .text.libgcc.builtins
                0x0000000000000000        0x0 c:/program files/avr-gcc-7.2.0-x64-mingw/bin/../lib/gcc/avr/7.2.0/avr5\libgcc.a(_cmpdi2.o)
 .text.libgcc.fmul
                0x0000000000000000        0x0 c:/program files/avr-gcc-7.2.0-x64-mingw/bin/../lib/gcc/avr/7.2.0/avr5\libgcc.a(_cmpdi2.o)
 .text.libgcc.fixed
                0x0000000000000000        0x0 c:/program files/avr-gcc-7.2.0-x64-mingw/bin/../lib/gcc/avr/7.2.0/avr5\libgcc.a(_cmpdi2.o)
 .debug_line    0x0000000000000000       0x67 c:/program files/avr-gcc-7.2.0-x64-mingw/bin/../lib/gcc/avr/7.2.0/avr5\libgcc.a(_cmpdi2.o)
 .debug_info    0x0000000000000000       0x26 c:/program files/avr-gcc-7.2.0-x64-mingw/bin/../lib/gcc/avr/7.2.0/avr5\libgcc.a(_cmpdi2.o)
 .debug_abbrev  0x0000000000000000       0x14 c:/program files/avr-gcc-7.2.0-x64-mingw/bin/../lib/gcc/avr/7.2.0/avr5\libgcc.a(_cmpdi2.o)
 .debug_aranges
                0x0000000000000000       0x20 c:/program files/avr-gcc-7.2.0-x64-mingw/bin/../lib/gcc/avr/7.2.0/avr5\libgcc.a(_cmpdi2.o)
 .debug_str     0x0000000000000000       0x5e c:/program files/avr-gcc-7.2.0-x64-mingw/bin/../lib/gcc/avr/7.2.0/avr5\libgcc.a(_cmpdi2.o)
 .text          0x0000000000000000        0x0 c:/program files/avr-gcc-7.2.0-x64-mingw/bin/../lib/gcc/avr/7.2.0/avr5\libgcc.a(_cmpdi2_s8.o)
 .data          0x0000000000000000        0x0 c:/program files/avr-gcc-7.2.0-x64-mingw/bin/../lib/gcc/avr/7.2.0/avr5\libgcc.a(_cmpdi2_s8.o)
 .bss           0x0000000000000000        0x0 c:/program files/avr-gcc-7.2.0-x64-mingw/bin/../lib/gcc/avr/7.2.0/avr5\libgcc.a(_cmpdi2_s8.o)
 .text.libgcc.mul
                0x0000000000000000        0x0 c:/program files/avr-gcc-7.2.0-x64-mingw/bin/../lib/gcc/avr/7.2.0/avr5\libgcc.a(_cmpdi2_s8.o)
 .text.libgcc.div
                0x0000000000000000        0x0 c:/program files/avr-gcc-7.2.0-x64-mingw/bin/../lib/gcc/avr/7.2.0/avr5\libgcc.a(_cmpdi2_s8.o)
 .text.libgcc   0x0000000000000000       0x18 c:/program files/avr-gcc-7.2.0-x64-mingw/bin/../lib/gcc/avr/7.2.0/avr5\libgcc.a(_cmpdi2_s8.o)
 .text.libgcc.prologue
                0x0000000000000000        0x0 c:/program files/avr-gcc-7.2.0-x64-mingw/bin/../lib/gcc/avr/7.2.0/avr5\libgcc.a(_cmpdi2_s8.o)
 .text.libgcc.builtins
                0x0000000000000000        0x0 c:/program files/avr-gcc-7.2.0-x64-mingw/bin/../lib/gcc/avr/7.2.0/avr5\libgcc.a(_cmpdi2_s8.o)
 .text.libgcc.fmul
                0x0000000000000000        0x0 c:/program files/avr-gcc-7.2.0-x64-mingw/bin/../lib/gcc/avr/7.2.0/avr5\libgcc.a(_cmpdi2_s8.o)
 .text.libgcc.fixed
                0x0000000000000000        0x0 c:/program files/avr-gcc-7.2.0-x64-mingw/bin/../lib/gcc/avr/7.2.0/avr5\libgcc.a(_cmpdi2_s8.o)
 .debug_line    0x0000000000000000       0x79 c:/program files/avr-gcc-7.2.0-x64-mingw/bin/../lib/gcc/avr/7.2.0/avr5\libgcc.a(_cmpdi2_s8.o)
 .debug_info    0x0000000000000000       0x26 c:/program files/avr-gcc-7.2.0-x64-mingw/bin/../lib/gcc/avr/7.2.0/avr5\libgcc.a(_cmpdi2_s8.o)
 .debug_abbrev  0x0000000000000000       0x14 c:/program files/avr-gcc-7.2.0-x64-mingw/bin/../lib/gcc/avr/7.2.0/avr5\libgcc.a(_cmpdi2_s8.o)
 .debug_aranges
                0x0000000000000000       0x20 c:/program files/avr-gcc-7.2.0-x64-mingw/bin/../lib/gcc/avr/7.2.0/avr5\libgcc.a(_cmpdi2_s8.o)
 .debug_str     0x0000000000000000       0x5e c:/program files/avr-gcc-7.2.0-x64-mingw/bin/../lib/gcc/avr/7.2.0/avr5\libgcc.a(_cmpdi2_s8.o)
 .text          0x0000000000000000        0x0 c:/program files/avr-gcc-7.2.0-x64-mingw/bin/../lib/gcc/avr/7.2.0/avr5\libgcc.a(_umulhisi3.o)
 .data          0x0000000000000000        0x0 c:/program files/avr-gcc-7.2.0-x64-mingw/bin/../lib/gcc/avr/7.2.0/avr5\libgcc.a(_umulhisi3.o)
 .bss           0x0000000000000000        0x0 c:/program files/avr-gcc-7.2.0-x64-mingw/bin/../lib/gcc/avr/7.2.0/avr5\libgcc.a(_umulhisi3.o)
 .text.libgcc.mul
                0x0000000000000000       0x1e c:/program files/avr-gcc-7.2.0-x64-mingw/bin/../lib/gcc/avr/7.2.0/avr5\libgcc.a(_umulhisi3.o)
 .text.libgcc.div
                0x0000000000000000        0x0 c:/program files/avr-gcc-7.2.0-x64-mingw/bin/../lib/gcc/avr/7.2.0/avr5\libgcc.a(_umulhisi3.o)
 .text.libgcc   0x0000000000000000        0x0 c:/program files/avr-gcc-7.2.0-x64-mingw/bin/../lib/gcc/avr/7.2.0/avr5\libgcc.a(_umulhisi3.o)
 .text.libgcc.prologue
                0x0000000000000000        0x0 c:/program files/avr-gcc-7.2.0-x64-mingw/bin/../lib/gcc/avr/7.2.0/avr5\libgcc.a(_umulhisi3.o)
 .text.libgcc.builtins
                0x0000000000000000        0x0 c:/program files/avr-gcc-7.2.0-x64-mingw/bin/../lib/gcc/avr/7.2.0/avr5\libgcc.a(_umulhisi3.o)
 .text.libgcc.fmul
                0x0000000000000000        0x0 c:/program files/avr-gcc-7.2.0-x64-mingw/bin/../lib/gcc/avr/7.2.0/avr5\libgcc.a(_umulhisi3.o)
 .text.libgcc.fixed
                0x0000000000000000        0x0 c:/program files/avr-gcc-7.2.0-x64-mingw/bin/../lib/gcc/avr/7.2.0/avr5\libgcc.a(_umulhisi3.o)
 .debug_line    0x0000000000000000       0xaf c:/program files/avr-gcc-7.2.0-x64-mingw/bin/../lib/gcc/avr/7.2.0/avr5\libgcc.a(_umulhisi3.o)
 .debug_info    0x0000000000000000       0x26 c:/program files/avr-gcc-7.2.0-x64-mingw/bin/../lib/gcc/avr/7.2.0/avr5\libgcc.a(_umulhisi3.o)
 .debug_abbrev  0x0000000000000000       0x14 c:/program files/avr-gcc-7.2.0-x64-mingw/bin/../lib/gcc/avr/7.2.0/avr5\libgcc.a(_umulhisi3.o)
 .debug_aranges
                0x0000000000000000       0x20 c:/program files/avr-gcc-7.2.0-x64-mingw/bin/../lib/gcc/avr/7.2.0/avr5\libgcc.a(_umulhisi3.o)
 .debug_str     0x0000000000000000       0x5e c:/program files/avr-gcc-7.2.0-x64-mingw/bin/../lib/gcc/avr/7.2.0/avr5\libgcc.a(_umulhisi3.o)

Memory Configuration

Name             Origin             Length             Attributes
text             0x0000000000000000 0x0000000000020000 xr
data             0x0000000000800060 0x000000000000ffa0 rw !x
eeprom           0x0000000000810000 0x0000000000010000 rw !x
fuse             0x0000000000820000 0x0000000000000400 rw !x
lock             0x0000000000830000 0x0000000000000400 rw !x
signature        0x0000000000840000 0x0000000000000400 rw !x
user_signatures  0x0000000000850000 0x0000000000000400 rw !x
*default*        0x0000000000000000 0xffffffffffffffff

Linker script and memory map

Address of section .data set to 0x800100
LOAD c:/program files/avr-gcc-7.2.0-x64-mingw/bin/../lib/gcc/avr/7.2.0/../../../../avr/lib/avr5/crtatmega328p.o
LOAD c:/program files/avr-gcc-7.2.0-x64-mingw/bin/../lib/gcc/avr/7.2.0/avr5\libgcc.a
LOAD hwlib.o
LOAD main.o
LOAD bmptk_heap_none.o
LOAD bmptk_fixed_size_stack.o
LOAD c:/program files/avr-gcc-7.2.0-x64-mingw/bin/../lib/gcc/avr/7.2.0/avr5\libgcc.a
LOAD c:/program files/avr-gcc-7.2.0-x64-mingw/bin/../lib/gcc/avr/7.2.0/../../../../avr/lib/avr5\libm.a
START GROUP
LOAD c:/program files/avr-gcc-7.2.0-x64-mingw/bin/../lib/gcc/avr/7.2.0/avr5\libgcc.a
LOAD c:/program files/avr-gcc-7.2.0-x64-mingw/bin/../lib/gcc/avr/7.2.0/../../../../avr/lib/avr5\libm.a
LOAD c:/program files/avr-gcc-7.2.0-x64-mingw/bin/../lib/gcc/avr/7.2.0/../../../../avr/lib/avr5\libc.a
LOAD c:/program files/avr-gcc-7.2.0-x64-mingw/bin/../lib/gcc/avr/7.2.0/../../../../avr/lib/avr5\libatmega328p.a
END GROUP
                0x0000000000020000                __TEXT_REGION_LENGTH__ = DEFINED (__TEXT_REGION_LENGTH__)?__TEXT_REGION_LENGTH__:0x20000
                0x000000000000ffa0                __DATA_REGION_LENGTH__ = DEFINED (__DATA_REGION_LENGTH__)?__DATA_REGION_LENGTH__:0xffa0
                0x0000000000010000                __EEPROM_REGION_LENGTH__ = DEFINED (__EEPROM_REGION_LENGTH__)?__EEPROM_REGION_LENGTH__:0x10000
                0x0000000000000400                __FUSE_REGION_LENGTH__ = DEFINED (__FUSE_REGION_LENGTH__)?__FUSE_REGION_LENGTH__:0x400
                0x0000000000000400                __LOCK_REGION_LENGTH__ = DEFINED (__LOCK_REGION_LENGTH__)?__LOCK_REGION_LENGTH__:0x400
                0x0000000000000400                __SIGNATURE_REGION_LENGTH__ = DEFINED (__SIGNATURE_REGION_LENGTH__)?__SIGNATURE_REGION_LENGTH__:0x400
                0x0000000000000400                __USER_SIGNATURE_REGION_LENGTH__ = DEFINED (__USER_SIGNATURE_REGION_LENGTH__)?__USER_SIGNATURE_REGION_LENGTH__:0x400

.hash
 *(.hash)

.dynsym
 *(.dynsym)

.dynstr
 *(.dynstr)

.gnu.version
 *(.gnu.version)

.gnu.version_d
 *(.gnu.version_d)

.gnu.version_r
 *(.gnu.version_r)

.rel.init
 *(.rel.init)

.rela.init
 *(.rela.init)

.rel.text
 *(.rel.text)
 *(.rel.text.*)
 *(.rel.gnu.linkonce.t*)

.rela.text
 *(.rela.text)
 *(.rela.text.*)
 *(.rela.gnu.linkonce.t*)

.rel.fini
 *(.rel.fini)

.rela.fini
 *(.rela.fini)

.rel.rodata
 *(.rel.rodata)
 *(.rel.rodata.*)
 *(.rel.gnu.linkonce.r*)

.rela.rodata
 *(.rela.rodata)
 *(.rela.rodata.*)
 *(.rela.gnu.linkonce.r*)

.rel.data
 *(.rel.data)
 *(.rel.data.*)
 *(.rel.gnu.linkonce.d*)

.rela.data
 *(.rela.data)
 *(.rela.data.*)
 *(.rela.gnu.linkonce.d*)

.rel.ctors
 *(.rel.ctors)

.rela.ctors
 *(.rela.ctors)

.rel.dtors
 *(.rel.dtors)

.rela.dtors
 *(.rela.dtors)

.rel.got
 *(.rel.got)

.rela.got
 *(.rela.got)

.rel.bss
 *(.rel.bss)

.rela.bss
 *(.rela.bss)

.rel.plt
 *(.rel.plt)

.rela.plt
 *(.rela.plt)

.text           0x0000000000000000      0x27a
 *(.vectors)
 .vectors       0x0000000000000000       0x68 c:/program files/avr-gcc-7.2.0-x64-mingw/bin/../lib/gcc/avr/7.2.0/../../../../avr/lib/avr5/crtatmega328p.o
                0x0000000000000000                __vector_default
                0x0000000000000000                __vectors
 *(.vectors)
 *(.progmem.gcc*)
                0x0000000000000068                . = ALIGN (0x2)
                0x0000000000000068                __trampolines_start = .
 *(.trampolines)
 .trampolines   0x0000000000000068        0x0 linker stubs
 *(.trampolines*)
                0x0000000000000068                __trampolines_end = .
 *libprintf_flt.a:*(.progmem.data)
 *libc.a:*(.progmem.data)
 *(.progmem*)
                0x0000000000000068                . = ALIGN (0x2)
 *(.lowtext)
 *(.lowtext*)
                0x0000000000000068                __ctors_start = .
 *(.ctors)
                0x0000000000000068                __ctors_end = .
                0x0000000000000068                __dtors_start = .
 *(.dtors)
                0x0000000000000068                __dtors_end = .
 SORT(*)(.ctors)
 SORT(*)(.dtors)
 *(.init0)
 .init0         0x0000000000000068        0x0 c:/program files/avr-gcc-7.2.0-x64-mingw/bin/../lib/gcc/avr/7.2.0/../../../../avr/lib/avr5/crtatmega328p.o
                0x0000000000000068                __init
 *(.init0)
 *(.init1)
 *(.init1)
 *(.init2)
 .init2         0x0000000000000068        0xc c:/program files/avr-gcc-7.2.0-x64-mingw/bin/../lib/gcc/avr/7.2.0/../../../../avr/lib/avr5/crtatmega328p.o
 *(.init2)
 *(.init3)
 *(.init3)
 *(.init4)
 .init4         0x0000000000000074       0x16 c:/program files/avr-gcc-7.2.0-x64-mingw/bin/../lib/gcc/avr/7.2.0/avr5\libgcc.a(_copy_data.o)
                0x0000000000000074                __do_copy_data
 .init4         0x000000000000008a       0x10 c:/program files/avr-gcc-7.2.0-x64-mingw/bin/../lib/gcc/avr/7.2.0/avr5\libgcc.a(_clear_bss.o)
                0x000000000000008a                __do_clear_bss
 *(.init4)
 *(.init5)
 *(.init5)
 *(.init6)
 *(.init6)
 *(.init7)
 *(.init7)
 *(.init8)
 *(.init8)
 *(.init9)
 .init9         0x000000000000009a        0x8 c:/program files/avr-gcc-7.2.0-x64-mingw/bin/../lib/gcc/avr/7.2.0/../../../../avr/lib/avr5/crtatmega328p.o
 *(.init9)
 *(.text)
 .text          0x00000000000000a2        0x4 c:/program files/avr-gcc-7.2.0-x64-mingw/bin/../lib/gcc/avr/7.2.0/../../../../avr/lib/avr5/crtatmega328p.o
                0x00000000000000a2                __vector_22
                0x00000000000000a2                __vector_1
                0x00000000000000a2                __vector_24
                0x00000000000000a2                __vector_12
                0x00000000000000a2                __bad_interrupt
                0x00000000000000a2                __vector_6
                0x00000000000000a2                __vector_3
                0x00000000000000a2                __vector_23
                0x00000000000000a2                __vector_25
                0x00000000000000a2                __vector_11
                0x00000000000000a2                __vector_13
                0x00000000000000a2                __vector_17
                0x00000000000000a2                __vector_19
                0x00000000000000a2                __vector_7
                0x00000000000000a2                __vector_5
                0x00000000000000a2                __vector_4
                0x00000000000000a2                __vector_9
                0x00000000000000a2                __vector_2
                0x00000000000000a2                __vector_21
                0x00000000000000a2                __vector_15
                0x00000000000000a2                __vector_8
                0x00000000000000a2                __vector_14
                0x00000000000000a2                __vector_10
                0x00000000000000a2                __vector_16
                0x00000000000000a2                __vector_18
                0x00000000000000a2                __vector_20
                0x00000000000000a6                . = ALIGN (0x2)
 *(.text.*)
 .text._ZN5hwlib7pin_out5flushEv
                0x00000000000000a6        0x2 hwlib.o
                0x00000000000000a6                _ZN5hwlib7pin_out5flushEv
 .text._ZN3uno7pin_out3setEbN5hwlib9bufferingE
                0x00000000000000a8       0x20 hwlib.o
                0x00000000000000a8                _ZN3uno7pin_out3setEbN5hwlib9bufferingE
 .text._ZN5hwlib5panicEPKcj
                0x00000000000000c8        0x2 hwlib.o
                0x00000000000000c8                _ZN5hwlib5panicEPKcj
 .text._ZN3uno9port_dataEh
                0x00000000000000ca       0x2a hwlib.o
                0x00000000000000ca                _ZN3uno9port_dataEh
 .text._ZN3uno14port_directionEh
                0x00000000000000f4       0x2a hwlib.o
                0x00000000000000f4                _ZN3uno14port_directionEh
 .text._ZN3uno17configure_as_gpioEhh
                0x000000000000011e       0x20 hwlib.o
                0x000000000000011e                _ZN3uno17configure_as_gpioEhh
 .text._ZN5hwlib11wait_us_asmEi
                0x000000000000013e       0x10 hwlib.o
                0x000000000000013e                _ZN5hwlib11wait_us_asmEi
 .text._ZN5hwlib7wait_usEl
                0x000000000000014e       0x52 hwlib.o
                0x000000000000014e                _ZN5hwlib7wait_usEl
 .text._ZN5hwlib7wait_msEl
                0x00000000000001a0       0x38 hwlib.o
                0x00000000000001a0                _ZN5hwlib7wait_msEl
 .text._ZN5hwlib5blinkERNS_7pin_outEj
                0x00000000000001d8       0x42 hwlib.o
                0x00000000000001d8                _ZN5hwlib5blinkERNS_7pin_outEj
 .text.startup.main
                0x000000000000021a       0x5c main.o
                0x000000000000021a                main
                0x0000000000000276                . = ALIGN (0x2)
 *(.fini9)
 .fini9         0x0000000000000276        0x0 c:/program files/avr-gcc-7.2.0-x64-mingw/bin/../lib/gcc/avr/7.2.0/avr5\libgcc.a(_exit.o)
                0x0000000000000276                _exit
                0x0000000000000276                exit
 *(.fini9)
 *(.fini8)
 *(.fini8)
 *(.fini7)
 *(.fini7)
 *(.fini6)
 *(.fini6)
 *(.fini5)
 *(.fini5)
 *(.fini4)
 *(.fini4)
 *(.fini3)
 *(.fini3)
 *(.fini2)
 *(.fini2)
 *(.fini1)
 *(.fini1)
 *(.fini0)
 .fini0         0x0000000000000276        0x4 c:/program files/avr-gcc-7.2.0-x64-mingw/bin/../lib/gcc/avr/7.2.0/avr5\libgcc.a(_exit.o)
 *(.fini0)
 *(.hightext)
 *(.hightext*)
                0x000000000000027a                . = ALIGN (0x2)
 *(.jumptables)
 *(.jumptables*)
                0x000000000000027a                _etext = .

.data           0x0000000000800100       0x30 load address 0x000000000000027a
                0x0000000000800100                PROVIDE (__data_start, .)
 *(.data)
 *(.data*)
 *(.gnu.linkonce.d*)
 *(.rodata)
 *(.rodata*)
 .rodata._ZN3uno8pin_infoENS_4pinsE.str1.1
                0x0000000000800100       0x27 hwlib.o
 .rodata._ZTVN3uno7pin_outE
                0x0000000000800127        0x8 hwlib.o
                0x0000000000800127                _ZTVN3uno7pin_outE
 *(.gnu.linkonce.r*)
                0x0000000000800130                . = ALIGN (0x2)
 *fill*         0x000000000080012f        0x1 
                0x0000000000800130                _edata = .
                0x0000000000800130                PROVIDE (__data_end, .)

.bss            0x0000000000800130        0x0
                0x0000000000800130                PROVIDE (__bss_start, .)
 *(.bss)
 *(.bss*)
 *(COMMON)
                0x0000000000800130                PROVIDE (__bss_end, .)
                0x000000000000027a                __data_load_start = LOADADDR (.data)
                0x00000000000002aa                __data_load_end = (__data_load_start + SIZEOF (.data))

.noinit         0x0000000000800130        0x0
                [!provide]                        PROVIDE (__noinit_start, .)
 *(.noinit*)
                [!provide]                        PROVIDE (__noinit_end, .)
                0x0000000000800130                _end = .
                [!provide]                        PROVIDE (__heap_start, .)

.eeprom         0x0000000000810000        0x0
 *(.eeprom*)
                0x0000000000810000                __eeprom_end = .

.fuse
 *(.fuse)
 *(.lfuse)
 *(.hfuse)
 *(.efuse)

.lock
 *(.lock*)

.signature
 *(.signature*)

.stab
 *(.stab)

.stabstr
 *(.stabstr)

.stab.excl
 *(.stab.excl)

.stab.exclstr
 *(.stab.exclstr)

.stab.index
 *(.stab.index)

.stab.indexstr
 *(.stab.indexstr)

.comment        0x0000000000000000       0x11
 *(.comment)
 .comment       0x0000000000000000       0x11 hwlib.o
                                         0x12 (size before relaxing)
 .comment       0x0000000000000011       0x12 main.o

.note.gnu.avr.deviceinfo
                0x0000000000000000       0x40
 .note.gnu.avr.deviceinfo
                0x0000000000000000       0x40 c:/program files/avr-gcc-7.2.0-x64-mingw/bin/../lib/gcc/avr/7.2.0/../../../../avr/lib/avr5/crtatmega328p.o

.note.gnu.build-id
 *(.note.gnu.build-id)

.debug
 *(.debug)

.line
 *(.line)

.debug_srcinfo
 *(.debug_srcinfo)

.debug_sfnames
 *(.debug_sfnames)

.debug_aranges  0x0000000000000000       0x60
 *(.debug_aranges)
 .debug_aranges
                0x0000000000000000       0x20 c:/program files/avr-gcc-7.2.0-x64-mingw/bin/../lib/gcc/avr/7.2.0/avr5\libgcc.a(_exit.o)
 .debug_aranges
                0x0000000000000020       0x20 c:/program files/avr-gcc-7.2.0-x64-mingw/bin/../lib/gcc/avr/7.2.0/avr5\libgcc.a(_copy_data.o)
 .debug_aranges
                0x0000000000000040       0x20 c:/program files/avr-gcc-7.2.0-x64-mingw/bin/../lib/gcc/avr/7.2.0/avr5\libgcc.a(_clear_bss.o)

.debug_pubnames
 *(.debug_pubnames)

.debug_info     0x0000000000000000      0x666
 *(.debug_info .gnu.linkonce.wi.*)
 .debug_info    0x0000000000000000      0x5f4 c:/program files/avr-gcc-7.2.0-x64-mingw/bin/../lib/gcc/avr/7.2.0/../../../../avr/lib/avr5/crtatmega328p.o
 .debug_info    0x00000000000005f4       0x26 c:/program files/avr-gcc-7.2.0-x64-mingw/bin/../lib/gcc/avr/7.2.0/avr5\libgcc.a(_exit.o)
 .debug_info    0x000000000000061a       0x26 c:/program files/avr-gcc-7.2.0-x64-mingw/bin/../lib/gcc/avr/7.2.0/avr5\libgcc.a(_copy_data.o)
 .debug_info    0x0000000000000640       0x26 c:/program files/avr-gcc-7.2.0-x64-mingw/bin/../lib/gcc/avr/7.2.0/avr5\libgcc.a(_clear_bss.o)

.debug_abbrev   0x0000000000000000      0x5de
 *(.debug_abbrev)
 .debug_abbrev  0x0000000000000000      0x5a2 c:/program files/avr-gcc-7.2.0-x64-mingw/bin/../lib/gcc/avr/7.2.0/../../../../avr/lib/avr5/crtatmega328p.o
 .debug_abbrev  0x00000000000005a2       0x14 c:/program files/avr-gcc-7.2.0-x64-mingw/bin/../lib/gcc/avr/7.2.0/avr5\libgcc.a(_exit.o)
 .debug_abbrev  0x00000000000005b6       0x14 c:/program files/avr-gcc-7.2.0-x64-mingw/bin/../lib/gcc/avr/7.2.0/avr5\libgcc.a(_copy_data.o)
 .debug_abbrev  0x00000000000005ca       0x14 c:/program files/avr-gcc-7.2.0-x64-mingw/bin/../lib/gcc/avr/7.2.0/avr5\libgcc.a(_clear_bss.o)

.debug_line     0x0000000000000000      0x19a
 *(.debug_line .debug_line.* .debug_line_end)
 .debug_line    0x0000000000000000       0x1d c:/program files/avr-gcc-7.2.0-x64-mingw/bin/../lib/gcc/avr/7.2.0/../../../../avr/lib/avr5/crtatmega328p.o
 .debug_line    0x000000000000001d       0x61 c:/program files/avr-gcc-7.2.0-x64-mingw/bin/../lib/gcc/avr/7.2.0/avr5\libgcc.a(_exit.o)
 .debug_line    0x000000000000007e       0x97 c:/program files/avr-gcc-7.2.0-x64-mingw/bin/../lib/gcc/avr/7.2.0/avr5\libgcc.a(_copy_data.o)
 .debug_line    0x0000000000000115       0x85 c:/program files/avr-gcc-7.2.0-x64-mingw/bin/../lib/gcc/avr/7.2.0/avr5\libgcc.a(_clear_bss.o)

.debug_frame
 *(.debug_frame)

.debug_str      0x0000000000000000      0x266
 *(.debug_str)
 .debug_str     0x0000000000000000      0x208 c:/program files/avr-gcc-7.2.0-x64-mingw/bin/../lib/gcc/avr/7.2.0/../../../../avr/lib/avr5/crtatmega328p.o
 .debug_str     0x0000000000000208       0x5e c:/program files/avr-gcc-7.2.0-x64-mingw/bin/../lib/gcc/avr/7.2.0/avr5\libgcc.a(_exit.o)
 .debug_str     0x0000000000000266       0x5e c:/program files/avr-gcc-7.2.0-x64-mingw/bin/../lib/gcc/avr/7.2.0/avr5\libgcc.a(_copy_data.o)
 .debug_str     0x0000000000000266       0x5e c:/program files/avr-gcc-7.2.0-x64-mingw/bin/../lib/gcc/avr/7.2.0/avr5\libgcc.a(_clear_bss.o)

.debug_loc
 *(.debug_loc)

.debug_macinfo
 *(.debug_macinfo)

.debug_weaknames
 *(.debug_weaknames)

.debug_funcnames
 *(.debug_funcnames)

.debug_typenames
 *(.debug_typenames)

.debug_varnames
 *(.debug_varnames)

.debug_pubtypes
 *(.debug_pubtypes)

.debug_ranges
 *(.debug_ranges)

.debug_macro
 *(.debug_macro)

.debug_addr
 *(.debug_addr)
OUTPUT(main.elf elf32-avr)
LOAD linker stubs
